Archive member included because of file (symbol)

.\CortexM0\ARM_GCC_484\Debug\QuadDecExample01.a(cyfitter_cfg.o)
                              .\CortexM0\ARM_GCC_484\Debug\Cm0Start.o (cyfitter_cfg)
.\CortexM0\ARM_GCC_484\Debug\QuadDecExample01.a(QuadDec.o)
                              .\CortexM0\ARM_GCC_484\Debug\main.o (QuadDec_Start)
.\CortexM0\ARM_GCC_484\Debug\QuadDecExample01.a(CC_ISR.o)
                              .\CortexM0\ARM_GCC_484\Debug\main.o (CC_ISR_StartEx)
.\CortexM0\ARM_GCC_484\Debug\QuadDecExample01.a(phiA_Out.o)
                              .\CortexM0\ARM_GCC_484\Debug\main.o (phiA_Out_Write)
.\CortexM0\ARM_GCC_484\Debug\QuadDecExample01.a(LED_GREEN.o)
                              .\CortexM0\ARM_GCC_484\Debug\main.o (LED_GREEN_Write)
.\CortexM0\ARM_GCC_484\Debug\QuadDecExample01.a(CyBootAsmGnu.o)
                              .\CortexM0\ARM_GCC_484\Debug\QuadDecExample01.a(cyfitter_cfg.o) (CyDelayCycles)
.\CortexM0\ARM_GCC_484\Debug\QuadDecExample01.a(CyLib.o)
                              .\CortexM0\ARM_GCC_484\Debug\QuadDecExample01.a(cyfitter_cfg.o) (CyDelayUs)
c:/program files (x86)/cypress/psoc creator/3.1/psoc creator/import/gnu_cs/arm/4.8.4/bin/../lib/gcc/arm-none-eabi/4.8.4/armv6-m\libgcc.a(_udivsi3.o)
                              .\CortexM0\ARM_GCC_484\Debug\QuadDecExample01.a(CyLib.o) (__aeabi_uidiv)
c:/program files (x86)/cypress/psoc creator/3.1/psoc creator/import/gnu_cs/arm/4.8.4/bin/../lib/gcc/arm-none-eabi/4.8.4/armv6-m\libgcc.a(_divsi3.o)
                              .\CortexM0\ARM_GCC_484\Debug\Cm0Start.o (__aeabi_idiv)
c:/program files (x86)/cypress/psoc creator/3.1/psoc creator/import/gnu_cs/arm/4.8.4/bin/../lib/gcc/arm-none-eabi/4.8.4/armv6-m\libgcc.a(_dvmd_tls.o)
                              c:/program files (x86)/cypress/psoc creator/3.1/psoc creator/import/gnu_cs/arm/4.8.4/bin/../lib/gcc/arm-none-eabi/4.8.4/armv6-m\libgcc.a(_udivsi3.o) (__aeabi_idiv0)
c:/program files (x86)/cypress/psoc creator/3.1/psoc creator/import/gnu_cs/arm/4.8.4/bin/../lib/gcc/arm-none-eabi/4.8.4/../../../../arm-none-eabi/lib/armv6-m\libg_s.a(lib_a-errno.o)
                              .\CortexM0\ARM_GCC_484\Debug\Cm0Start.o (__errno)
c:/program files (x86)/cypress/psoc creator/3.1/psoc creator/import/gnu_cs/arm/4.8.4/bin/../lib/gcc/arm-none-eabi/4.8.4/../../../../arm-none-eabi/lib/armv6-m\libg_s.a(lib_a-exit.o)
                              c:/program files (x86)/cypress/psoc creator/3.1/psoc creator/import/gnu_cs/arm/4.8.4/bin/../lib/gcc/arm-none-eabi/4.8.4/../../../../arm-none-eabi/lib/armv6-m/crt0.o (exit)
c:/program files (x86)/cypress/psoc creator/3.1/psoc creator/import/gnu_cs/arm/4.8.4/bin/../lib/gcc/arm-none-eabi/4.8.4/../../../../arm-none-eabi/lib/armv6-m\libg_s.a(lib_a-impure.o)
                              c:/program files (x86)/cypress/psoc creator/3.1/psoc creator/import/gnu_cs/arm/4.8.4/bin/../lib/gcc/arm-none-eabi/4.8.4/../../../../arm-none-eabi/lib/armv6-m\libg_s.a(lib_a-exit.o) (_global_impure_ptr)
c:/program files (x86)/cypress/psoc creator/3.1/psoc creator/import/gnu_cs/arm/4.8.4/bin/../lib/gcc/arm-none-eabi/4.8.4/../../../../arm-none-eabi/lib/armv6-m\libg_s.a(lib_a-init.o)
                              c:/program files (x86)/cypress/psoc creator/3.1/psoc creator/import/gnu_cs/arm/4.8.4/bin/../lib/gcc/arm-none-eabi/4.8.4/../../../../arm-none-eabi/lib/armv6-m/crt0.o (__libc_init_array)
c:/program files (x86)/cypress/psoc creator/3.1/psoc creator/import/gnu_cs/arm/4.8.4/bin/../lib/gcc/arm-none-eabi/4.8.4/../../../../arm-none-eabi/lib/armv6-m\libg_s.a(lib_a-memcpy-stub.o)
                              .\CortexM0\ARM_GCC_484\Debug\QuadDecExample01.a(cyfitter_cfg.o) (memcpy)
c:/program files (x86)/cypress/psoc creator/3.1/psoc creator/import/gnu_cs/arm/4.8.4/bin/../lib/gcc/arm-none-eabi/4.8.4/../../../../arm-none-eabi/lib/armv6-m\libg_s.a(lib_a-memset.o)
                              c:/program files (x86)/cypress/psoc creator/3.1/psoc creator/import/gnu_cs/arm/4.8.4/bin/../lib/gcc/arm-none-eabi/4.8.4/../../../../arm-none-eabi/lib/armv6-m/crt0.o (memset)

Allocating common symbols
Common symbol       size              file

InterruptCnt        0x4               .\CortexM0\ARM_GCC_484\Debug\main.o

Discarded input sections

 .text          0x00000000        0x0 c:/program files (x86)/cypress/psoc creator/3.1/psoc creator/import/gnu_cs/arm/4.8.4/bin/../lib/gcc/arm-none-eabi/4.8.4/armv6-m/crti.o
 .data          0x00000000        0x0 c:/program files (x86)/cypress/psoc creator/3.1/psoc creator/import/gnu_cs/arm/4.8.4/bin/../lib/gcc/arm-none-eabi/4.8.4/armv6-m/crti.o
 .bss           0x00000000        0x0 c:/program files (x86)/cypress/psoc creator/3.1/psoc creator/import/gnu_cs/arm/4.8.4/bin/../lib/gcc/arm-none-eabi/4.8.4/armv6-m/crti.o
 .data          0x00000000        0x4 c:/program files (x86)/cypress/psoc creator/3.1/psoc creator/import/gnu_cs/arm/4.8.4/bin/../lib/gcc/arm-none-eabi/4.8.4/armv6-m/crtbegin.o
 .text          0x00000000       0x78 c:/program files (x86)/cypress/psoc creator/3.1/psoc creator/import/gnu_cs/arm/4.8.4/bin/../lib/gcc/arm-none-eabi/4.8.4/../../../../arm-none-eabi/lib/armv6-m/crt0.o
 .data          0x00000000        0x0 c:/program files (x86)/cypress/psoc creator/3.1/psoc creator/import/gnu_cs/arm/4.8.4/bin/../lib/gcc/arm-none-eabi/4.8.4/../../../../arm-none-eabi/lib/armv6-m/crt0.o
 .bss           0x00000000        0x0 c:/program files (x86)/cypress/psoc creator/3.1/psoc creator/import/gnu_cs/arm/4.8.4/bin/../lib/gcc/arm-none-eabi/4.8.4/../../../../arm-none-eabi/lib/armv6-m/crt0.o
 .ARM.extab     0x00000000        0x0 c:/program files (x86)/cypress/psoc creator/3.1/psoc creator/import/gnu_cs/arm/4.8.4/bin/../lib/gcc/arm-none-eabi/4.8.4/../../../../arm-none-eabi/lib/armv6-m/crt0.o
 .ARM.exidx     0x00000000        0x8 c:/program files (x86)/cypress/psoc creator/3.1/psoc creator/import/gnu_cs/arm/4.8.4/bin/../lib/gcc/arm-none-eabi/4.8.4/../../../../arm-none-eabi/lib/armv6-m/crt0.o
 .text          0x00000000        0x0 .\CortexM0\ARM_GCC_484\Debug\main.o
 .data          0x00000000        0x0 .\CortexM0\ARM_GCC_484\Debug\main.o
 .bss           0x00000000        0x0 .\CortexM0\ARM_GCC_484\Debug\main.o
 COMMON         0x00000000        0x4 .\CortexM0\ARM_GCC_484\Debug\main.o
 .text          0x00000000        0x0 .\CortexM0\ARM_GCC_484\Debug\cymetadata.o
 .data          0x00000000        0x0 .\CortexM0\ARM_GCC_484\Debug\cymetadata.o
 .bss           0x00000000        0x0 .\CortexM0\ARM_GCC_484\Debug\cymetadata.o
 .text          0x00000000        0x0 .\CortexM0\ARM_GCC_484\Debug\Cm0Start.o
 .data          0x00000000        0x4 .\CortexM0\ARM_GCC_484\Debug\Cm0Start.o
 .bss           0x00000000        0x0 .\CortexM0\ARM_GCC_484\Debug\Cm0Start.o
 .text._exit    0x00000000       0x28 .\CortexM0\ARM_GCC_484\Debug\Cm0Start.o
 .text._sbrk    0x00000000       0x54 .\CortexM0\ARM_GCC_484\Debug\Cm0Start.o
 .text          0x00000000        0x0 .\CortexM0\ARM_GCC_484\Debug\QuadDecExample01.a(cyfitter_cfg.o)
 .bss           0x00000000        0x0 .\CortexM0\ARM_GCC_484\Debug\QuadDecExample01.a(cyfitter_cfg.o)
 .text.CYCONFIGCPY
                0x00000000       0x24 .\CortexM0\ARM_GCC_484\Debug\QuadDecExample01.a(cyfitter_cfg.o)
 .text.CYCONFIGCPYCODE
                0x00000000       0x24 .\CortexM0\ARM_GCC_484\Debug\QuadDecExample01.a(cyfitter_cfg.o)
 .text          0x00000000        0x0 .\CortexM0\ARM_GCC_484\Debug\QuadDecExample01.a(QuadDec.o)
 .data          0x00000000        0x0 .\CortexM0\ARM_GCC_484\Debug\QuadDecExample01.a(QuadDec.o)
 .text.QuadDec_Stop
                0x00000000       0x30 .\CortexM0\ARM_GCC_484\Debug\QuadDecExample01.a(QuadDec.o)
 .text.QuadDec_SetMode
                0x00000000       0x48 .\CortexM0\ARM_GCC_484\Debug\QuadDecExample01.a(QuadDec.o)
 .text.QuadDec_SetQDMode
                0x00000000       0x48 .\CortexM0\ARM_GCC_484\Debug\QuadDecExample01.a(QuadDec.o)
 .text.QuadDec_SetPrescaler
                0x00000000       0x48 .\CortexM0\ARM_GCC_484\Debug\QuadDecExample01.a(QuadDec.o)
 .text.QuadDec_SetOneShot
                0x00000000       0x4c .\CortexM0\ARM_GCC_484\Debug\QuadDecExample01.a(QuadDec.o)
 .text.QuadDec_SetPWMMode
                0x00000000       0x1c .\CortexM0\ARM_GCC_484\Debug\QuadDecExample01.a(QuadDec.o)
 .text.QuadDec_SetPWMSyncKill
                0x00000000       0x48 .\CortexM0\ARM_GCC_484\Debug\QuadDecExample01.a(QuadDec.o)
 .text.QuadDec_SetPWMStopOnKill
                0x00000000       0x48 .\CortexM0\ARM_GCC_484\Debug\QuadDecExample01.a(QuadDec.o)
 .text.QuadDec_SetPWMDeadTime
                0x00000000       0x4c .\CortexM0\ARM_GCC_484\Debug\QuadDecExample01.a(QuadDec.o)
 .text.QuadDec_SetPWMInvert
                0x00000000       0x48 .\CortexM0\ARM_GCC_484\Debug\QuadDecExample01.a(QuadDec.o)
 .text.QuadDec_ReadCounter
                0x00000000       0x18 .\CortexM0\ARM_GCC_484\Debug\QuadDecExample01.a(QuadDec.o)
 .text.QuadDec_ReadPeriod
                0x00000000       0x18 .\CortexM0\ARM_GCC_484\Debug\QuadDecExample01.a(QuadDec.o)
 .text.QuadDec_SetCompareSwap
                0x00000000       0x48 .\CortexM0\ARM_GCC_484\Debug\QuadDecExample01.a(QuadDec.o)
 .text.QuadDec_WritePeriodBuf
                0x00000000       0x1c .\CortexM0\ARM_GCC_484\Debug\QuadDecExample01.a(QuadDec.o)
 .text.QuadDec_ReadPeriodBuf
                0x00000000       0x18 .\CortexM0\ARM_GCC_484\Debug\QuadDecExample01.a(QuadDec.o)
 .text.QuadDec_SetPeriodSwap
                0x00000000       0x48 .\CortexM0\ARM_GCC_484\Debug\QuadDecExample01.a(QuadDec.o)
 .text.QuadDec_WriteCompare
                0x00000000       0x1c .\CortexM0\ARM_GCC_484\Debug\QuadDecExample01.a(QuadDec.o)
 .text.QuadDec_ReadCompare
                0x00000000       0x18 .\CortexM0\ARM_GCC_484\Debug\QuadDecExample01.a(QuadDec.o)
 .text.QuadDec_WriteCompareBuf
                0x00000000       0x1c .\CortexM0\ARM_GCC_484\Debug\QuadDecExample01.a(QuadDec.o)
 .text.QuadDec_ReadCompareBuf
                0x00000000       0x18 .\CortexM0\ARM_GCC_484\Debug\QuadDecExample01.a(QuadDec.o)
 .text.QuadDec_ReadCapture
                0x00000000       0x18 .\CortexM0\ARM_GCC_484\Debug\QuadDecExample01.a(QuadDec.o)
 .text.QuadDec_ReadCaptureBuf
                0x00000000       0x18 .\CortexM0\ARM_GCC_484\Debug\QuadDecExample01.a(QuadDec.o)
 .text.QuadDec_SetCaptureMode
                0x00000000       0x44 .\CortexM0\ARM_GCC_484\Debug\QuadDecExample01.a(QuadDec.o)
 .text.QuadDec_SetReloadMode
                0x00000000       0x44 .\CortexM0\ARM_GCC_484\Debug\QuadDecExample01.a(QuadDec.o)
 .text.QuadDec_SetStartMode
                0x00000000       0x48 .\CortexM0\ARM_GCC_484\Debug\QuadDecExample01.a(QuadDec.o)
 .text.QuadDec_SetStopMode
                0x00000000       0x44 .\CortexM0\ARM_GCC_484\Debug\QuadDecExample01.a(QuadDec.o)
 .text.QuadDec_SetCountMode
                0x00000000       0x44 .\CortexM0\ARM_GCC_484\Debug\QuadDecExample01.a(QuadDec.o)
 .text.QuadDec_ReadStatus
                0x00000000       0x20 .\CortexM0\ARM_GCC_484\Debug\QuadDecExample01.a(QuadDec.o)
 .text.QuadDec_GetInterruptSourceMasked
                0x00000000       0x14 .\CortexM0\ARM_GCC_484\Debug\QuadDecExample01.a(QuadDec.o)
 .text.QuadDec_GetInterruptSource
                0x00000000       0x14 .\CortexM0\ARM_GCC_484\Debug\QuadDecExample01.a(QuadDec.o)
 .text.QuadDec_SetInterrupt
                0x00000000       0x18 .\CortexM0\ARM_GCC_484\Debug\QuadDecExample01.a(QuadDec.o)
 .text          0x00000000        0x0 .\CortexM0\ARM_GCC_484\Debug\QuadDecExample01.a(CC_ISR.o)
 .data          0x00000000        0x0 .\CortexM0\ARM_GCC_484\Debug\QuadDecExample01.a(CC_ISR.o)
 .bss           0x00000000        0x0 .\CortexM0\ARM_GCC_484\Debug\QuadDecExample01.a(CC_ISR.o)
 .text.CC_ISR_Start
                0x00000000       0x24 .\CortexM0\ARM_GCC_484\Debug\QuadDecExample01.a(CC_ISR.o)
 .text.CC_ISR_Stop
                0x00000000       0x18 .\CortexM0\ARM_GCC_484\Debug\QuadDecExample01.a(CC_ISR.o)
 .text.CC_ISR_Interrupt
                0x00000000        0x8 .\CortexM0\ARM_GCC_484\Debug\QuadDecExample01.a(CC_ISR.o)
 .text.CC_ISR_GetVector
                0x00000000       0x14 .\CortexM0\ARM_GCC_484\Debug\QuadDecExample01.a(CC_ISR.o)
 .text.CC_ISR_GetPriority
                0x00000000       0x2c .\CortexM0\ARM_GCC_484\Debug\QuadDecExample01.a(CC_ISR.o)
 .text.CC_ISR_GetState
                0x00000000       0x20 .\CortexM0\ARM_GCC_484\Debug\QuadDecExample01.a(CC_ISR.o)
 .text.CC_ISR_SetPending
                0x00000000       0x14 .\CortexM0\ARM_GCC_484\Debug\QuadDecExample01.a(CC_ISR.o)
 .text.CC_ISR_ClearPending
                0x00000000       0x14 .\CortexM0\ARM_GCC_484\Debug\QuadDecExample01.a(CC_ISR.o)
 .text          0x00000000        0x0 .\CortexM0\ARM_GCC_484\Debug\QuadDecExample01.a(phiA_Out.o)
 .data          0x00000000        0x0 .\CortexM0\ARM_GCC_484\Debug\QuadDecExample01.a(phiA_Out.o)
 .bss           0x00000000        0x0 .\CortexM0\ARM_GCC_484\Debug\QuadDecExample01.a(phiA_Out.o)
 .text.phiA_Out_SetDriveMode
                0x00000000       0x2c .\CortexM0\ARM_GCC_484\Debug\QuadDecExample01.a(phiA_Out.o)
 .text.phiA_Out_Read
                0x00000000       0x1c .\CortexM0\ARM_GCC_484\Debug\QuadDecExample01.a(phiA_Out.o)
 .text.phiA_Out_ReadDataReg
                0x00000000       0x1c .\CortexM0\ARM_GCC_484\Debug\QuadDecExample01.a(phiA_Out.o)
 .text.phiA_Out_ClearInterrupt
                0x00000000       0x2c .\CortexM0\ARM_GCC_484\Debug\QuadDecExample01.a(phiA_Out.o)
 .text          0x00000000        0x0 .\CortexM0\ARM_GCC_484\Debug\QuadDecExample01.a(LED_GREEN.o)
 .data          0x00000000        0x0 .\CortexM0\ARM_GCC_484\Debug\QuadDecExample01.a(LED_GREEN.o)
 .bss           0x00000000        0x0 .\CortexM0\ARM_GCC_484\Debug\QuadDecExample01.a(LED_GREEN.o)
 .text.LED_GREEN_SetDriveMode
                0x00000000       0x30 .\CortexM0\ARM_GCC_484\Debug\QuadDecExample01.a(LED_GREEN.o)
 .text.LED_GREEN_Read
                0x00000000       0x1c .\CortexM0\ARM_GCC_484\Debug\QuadDecExample01.a(LED_GREEN.o)
 .text.LED_GREEN_ReadDataReg
                0x00000000       0x1c .\CortexM0\ARM_GCC_484\Debug\QuadDecExample01.a(LED_GREEN.o)
 .text.LED_GREEN_ClearInterrupt
                0x00000000       0x30 .\CortexM0\ARM_GCC_484\Debug\QuadDecExample01.a(LED_GREEN.o)
 .data          0x00000000        0x0 .\CortexM0\ARM_GCC_484\Debug\QuadDecExample01.a(CyBootAsmGnu.o)
 .bss           0x00000000        0x0 .\CortexM0\ARM_GCC_484\Debug\QuadDecExample01.a(CyBootAsmGnu.o)
 .text          0x00000000        0x0 .\CortexM0\ARM_GCC_484\Debug\QuadDecExample01.a(CyLib.o)
 .bss           0x00000000       0x24 .\CortexM0\ARM_GCC_484\Debug\QuadDecExample01.a(CyLib.o)
 .rodata        0x00000000       0x30 .\CortexM0\ARM_GCC_484\Debug\QuadDecExample01.a(CyLib.o)
 .text.CySysClkImoStart
                0x00000000       0x1c .\CortexM0\ARM_GCC_484\Debug\QuadDecExample01.a(CyLib.o)
 .text.CySysClkImoStop
                0x00000000       0x18 .\CortexM0\ARM_GCC_484\Debug\QuadDecExample01.a(CyLib.o)
 .text.CySysClkIloStart
                0x00000000       0x1c .\CortexM0\ARM_GCC_484\Debug\QuadDecExample01.a(CyLib.o)
 .text.CySysClkIloStop
                0x00000000       0x4c .\CortexM0\ARM_GCC_484\Debug\QuadDecExample01.a(CyLib.o)
 .text.CySysClkIloEnabled
                0x00000000       0x1c .\CortexM0\ARM_GCC_484\Debug\QuadDecExample01.a(CyLib.o)
 .text.CySysClkWriteHfclkDirect
                0x00000000       0x44 .\CortexM0\ARM_GCC_484\Debug\QuadDecExample01.a(CyLib.o)
 .text.CySysClkWriteSysclkDiv
                0x00000000       0x44 .\CortexM0\ARM_GCC_484\Debug\QuadDecExample01.a(CyLib.o)
 .text.CySysClkWriteImoFreq
                0x00000000      0x1e0 .\CortexM0\ARM_GCC_484\Debug\QuadDecExample01.a(CyLib.o)
 .text.CySysWdtLock
                0x00000000       0x34 .\CortexM0\ARM_GCC_484\Debug\QuadDecExample01.a(CyLib.o)
 .text.CySysWdtLocked
                0x00000000       0x20 .\CortexM0\ARM_GCC_484\Debug\QuadDecExample01.a(CyLib.o)
 .text.CySysWdtUnlock
                0x00000000       0x4c .\CortexM0\ARM_GCC_484\Debug\QuadDecExample01.a(CyLib.o)
 .text.CySysWdtReadEnabledStatus
                0x00000000       0x30 .\CortexM0\ARM_GCC_484\Debug\QuadDecExample01.a(CyLib.o)
 .text.CySysWdtWriteMode
                0x00000000       0x60 .\CortexM0\ARM_GCC_484\Debug\QuadDecExample01.a(CyLib.o)
 .text.CySysWdtReadMode
                0x00000000       0x24 .\CortexM0\ARM_GCC_484\Debug\QuadDecExample01.a(CyLib.o)
 .text.CySysWdtWriteClearOnMatch
                0x00000000       0x70 .\CortexM0\ARM_GCC_484\Debug\QuadDecExample01.a(CyLib.o)
 .text.CySysWdtReadClearOnMatch
                0x00000000       0x40 .\CortexM0\ARM_GCC_484\Debug\QuadDecExample01.a(CyLib.o)
 .text.CySysWdtEnable
                0x00000000       0x68 .\CortexM0\ARM_GCC_484\Debug\QuadDecExample01.a(CyLib.o)
 .text.CySysWdtDisable
                0x00000000       0x68 .\CortexM0\ARM_GCC_484\Debug\QuadDecExample01.a(CyLib.o)
 .text.CySysWdtWriteCascade
                0x00000000       0x58 .\CortexM0\ARM_GCC_484\Debug\QuadDecExample01.a(CyLib.o)
 .text.CySysWdtReadCascade
                0x00000000       0x1c .\CortexM0\ARM_GCC_484\Debug\QuadDecExample01.a(CyLib.o)
 .text.CySysWdtWriteMatch
                0x00000000       0x6c .\CortexM0\ARM_GCC_484\Debug\QuadDecExample01.a(CyLib.o)
 .text.CySysWdtWriteToggleBit
                0x00000000       0x44 .\CortexM0\ARM_GCC_484\Debug\QuadDecExample01.a(CyLib.o)
 .text.CySysWdtReadToggleBit
                0x00000000       0x18 .\CortexM0\ARM_GCC_484\Debug\QuadDecExample01.a(CyLib.o)
 .text.CySysWdtReadMatch
                0x00000000       0x44 .\CortexM0\ARM_GCC_484\Debug\QuadDecExample01.a(CyLib.o)
 .text.CySysWdtReadCount
                0x00000000       0x54 .\CortexM0\ARM_GCC_484\Debug\QuadDecExample01.a(CyLib.o)
 .text.CySysWdtGetInterruptSource
                0x00000000       0x1c .\CortexM0\ARM_GCC_484\Debug\QuadDecExample01.a(CyLib.o)
 .text.CySysWdtClearInterrupt
                0x00000000       0x6c .\CortexM0\ARM_GCC_484\Debug\QuadDecExample01.a(CyLib.o)
 .text.CySysWdtResetCounters
                0x00000000       0x28 .\CortexM0\ARM_GCC_484\Debug\QuadDecExample01.a(CyLib.o)
 .text.CySysClkLfclkPosedgeCatch
                0x00000000       0x9c .\CortexM0\ARM_GCC_484\Debug\QuadDecExample01.a(CyLib.o)
 .text.CySysClkLfclkPosedgeRestore
                0x00000000       0x3c .\CortexM0\ARM_GCC_484\Debug\QuadDecExample01.a(CyLib.o)
 .text.CySysLvdEnable
                0x00000000       0x48 .\CortexM0\ARM_GCC_484\Debug\QuadDecExample01.a(CyLib.o)
 .text.CySysLvdDisable
                0x00000000       0x28 .\CortexM0\ARM_GCC_484\Debug\QuadDecExample01.a(CyLib.o)
 .text.CySysLvdGetInterruptSource
                0x00000000       0x18 .\CortexM0\ARM_GCC_484\Debug\QuadDecExample01.a(CyLib.o)
 .text.CySysLvdClearInterrupt
                0x00000000       0x14 .\CortexM0\ARM_GCC_484\Debug\QuadDecExample01.a(CyLib.o)
 .text.CySysGetResetReason
                0x00000000       0x30 .\CortexM0\ARM_GCC_484\Debug\QuadDecExample01.a(CyLib.o)
 .text.CyDisableInts
                0x00000000       0x24 .\CortexM0\ARM_GCC_484\Debug\QuadDecExample01.a(CyLib.o)
 .text.CyEnableInts
                0x00000000       0x18 .\CortexM0\ARM_GCC_484\Debug\QuadDecExample01.a(CyLib.o)
 .text.CyIntSetSysVector
                0x00000000       0x48 .\CortexM0\ARM_GCC_484\Debug\QuadDecExample01.a(CyLib.o)
 .text.CyIntGetSysVector
                0x00000000       0x34 .\CortexM0\ARM_GCC_484\Debug\QuadDecExample01.a(CyLib.o)
 .text.CyIntSetVector
                0x00000000       0x4c .\CortexM0\ARM_GCC_484\Debug\QuadDecExample01.a(CyLib.o)
 .text.CyIntGetVector
                0x00000000       0x38 .\CortexM0\ARM_GCC_484\Debug\QuadDecExample01.a(CyLib.o)
 .text.CyIntSetPriority
                0x00000000       0xa8 .\CortexM0\ARM_GCC_484\Debug\QuadDecExample01.a(CyLib.o)
 .text.CyIntGetPriority
                0x00000000       0x58 .\CortexM0\ARM_GCC_484\Debug\QuadDecExample01.a(CyLib.o)
 .text.CyIntEnable
                0x00000000       0x2c .\CortexM0\ARM_GCC_484\Debug\QuadDecExample01.a(CyLib.o)
 .text.CyIntGetState
                0x00000000       0x34 .\CortexM0\ARM_GCC_484\Debug\QuadDecExample01.a(CyLib.o)
 .text.CyIntDisable
                0x00000000       0x2c .\CortexM0\ARM_GCC_484\Debug\QuadDecExample01.a(CyLib.o)
 .text.CyIntSetPending
                0x00000000       0x2c .\CortexM0\ARM_GCC_484\Debug\QuadDecExample01.a(CyLib.o)
 .text.CyIntClearPending
                0x00000000       0x2c .\CortexM0\ARM_GCC_484\Debug\QuadDecExample01.a(CyLib.o)
 .text.CyHalt   0x00000000       0x14 .\CortexM0\ARM_GCC_484\Debug\QuadDecExample01.a(CyLib.o)
 .text.CySoftwareReset
                0x00000000       0x20 .\CortexM0\ARM_GCC_484\Debug\QuadDecExample01.a(CyLib.o)
 .text.CyDelayFreq
                0x00000000       0x80 .\CortexM0\ARM_GCC_484\Debug\QuadDecExample01.a(CyLib.o)
 .text.CySysTickStart
                0x00000000       0x24 .\CortexM0\ARM_GCC_484\Debug\QuadDecExample01.a(CyLib.o)
 .text.CySysTickInit
                0x00000000       0x60 .\CortexM0\ARM_GCC_484\Debug\QuadDecExample01.a(CyLib.o)
 .text.CySysTickEnable
                0x00000000       0x1c .\CortexM0\ARM_GCC_484\Debug\QuadDecExample01.a(CyLib.o)
 .text.CySysTickStop
                0x00000000       0x18 .\CortexM0\ARM_GCC_484\Debug\QuadDecExample01.a(CyLib.o)
 .text.CySysTickEnableInterrupt
                0x00000000       0x18 .\CortexM0\ARM_GCC_484\Debug\QuadDecExample01.a(CyLib.o)
 .text.CySysTickDisableInterrupt
                0x00000000       0x18 .\CortexM0\ARM_GCC_484\Debug\QuadDecExample01.a(CyLib.o)
 .text.CySysTickSetReload
                0x00000000       0x1c .\CortexM0\ARM_GCC_484\Debug\QuadDecExample01.a(CyLib.o)
 .text.CySysTickGetReload
                0x00000000       0x18 .\CortexM0\ARM_GCC_484\Debug\QuadDecExample01.a(CyLib.o)
 .text.CySysTickGetValue
                0x00000000       0x1c .\CortexM0\ARM_GCC_484\Debug\QuadDecExample01.a(CyLib.o)
 .text.CySysTickGetCountFlag
                0x00000000       0x18 .\CortexM0\ARM_GCC_484\Debug\QuadDecExample01.a(CyLib.o)
 .text.CySysTickClear
                0x00000000       0x14 .\CortexM0\ARM_GCC_484\Debug\QuadDecExample01.a(CyLib.o)
 .text.CySysTickSetCallback
                0x00000000       0x2c .\CortexM0\ARM_GCC_484\Debug\QuadDecExample01.a(CyLib.o)
 .text.CySysTickGetCallback
                0x00000000       0x1c .\CortexM0\ARM_GCC_484\Debug\QuadDecExample01.a(CyLib.o)
 .text.CySysTickServiceCallbacks
                0x00000000       0x44 .\CortexM0\ARM_GCC_484\Debug\QuadDecExample01.a(CyLib.o)
 .text          0x00000000       0x9c c:/program files (x86)/cypress/psoc creator/3.1/psoc creator/import/gnu_cs/arm/4.8.4/bin/../lib/gcc/arm-none-eabi/4.8.4/armv6-m\libgcc.a(_udivsi3.o)
 .data          0x00000000        0x0 c:/program files (x86)/cypress/psoc creator/3.1/psoc creator/import/gnu_cs/arm/4.8.4/bin/../lib/gcc/arm-none-eabi/4.8.4/armv6-m\libgcc.a(_udivsi3.o)
 .bss           0x00000000        0x0 c:/program files (x86)/cypress/psoc creator/3.1/psoc creator/import/gnu_cs/arm/4.8.4/bin/../lib/gcc/arm-none-eabi/4.8.4/armv6-m\libgcc.a(_udivsi3.o)
 .text          0x00000000       0xc0 c:/program files (x86)/cypress/psoc creator/3.1/psoc creator/import/gnu_cs/arm/4.8.4/bin/../lib/gcc/arm-none-eabi/4.8.4/armv6-m\libgcc.a(_divsi3.o)
 .data          0x00000000        0x0 c:/program files (x86)/cypress/psoc creator/3.1/psoc creator/import/gnu_cs/arm/4.8.4/bin/../lib/gcc/arm-none-eabi/4.8.4/armv6-m\libgcc.a(_divsi3.o)
 .bss           0x00000000        0x0 c:/program files (x86)/cypress/psoc creator/3.1/psoc creator/import/gnu_cs/arm/4.8.4/bin/../lib/gcc/arm-none-eabi/4.8.4/armv6-m\libgcc.a(_divsi3.o)
 .text          0x00000000        0x4 c:/program files (x86)/cypress/psoc creator/3.1/psoc creator/import/gnu_cs/arm/4.8.4/bin/../lib/gcc/arm-none-eabi/4.8.4/armv6-m\libgcc.a(_dvmd_tls.o)
 .data          0x00000000        0x0 c:/program files (x86)/cypress/psoc creator/3.1/psoc creator/import/gnu_cs/arm/4.8.4/bin/../lib/gcc/arm-none-eabi/4.8.4/armv6-m\libgcc.a(_dvmd_tls.o)
 .bss           0x00000000        0x0 c:/program files (x86)/cypress/psoc creator/3.1/psoc creator/import/gnu_cs/arm/4.8.4/bin/../lib/gcc/arm-none-eabi/4.8.4/armv6-m\libgcc.a(_dvmd_tls.o)
 .text          0x00000000        0x0 c:/program files (x86)/cypress/psoc creator/3.1/psoc creator/import/gnu_cs/arm/4.8.4/bin/../lib/gcc/arm-none-eabi/4.8.4/../../../../arm-none-eabi/lib/armv6-m\libg_s.a(lib_a-errno.o)
 .data          0x00000000        0x0 c:/program files (x86)/cypress/psoc creator/3.1/psoc creator/import/gnu_cs/arm/4.8.4/bin/../lib/gcc/arm-none-eabi/4.8.4/../../../../arm-none-eabi/lib/armv6-m\libg_s.a(lib_a-errno.o)
 .bss           0x00000000        0x0 c:/program files (x86)/cypress/psoc creator/3.1/psoc creator/import/gnu_cs/arm/4.8.4/bin/../lib/gcc/arm-none-eabi/4.8.4/../../../../arm-none-eabi/lib/armv6-m\libg_s.a(lib_a-errno.o)
 .text.__errno  0x00000000        0xc c:/program files (x86)/cypress/psoc creator/3.1/psoc creator/import/gnu_cs/arm/4.8.4/bin/../lib/gcc/arm-none-eabi/4.8.4/../../../../arm-none-eabi/lib/armv6-m\libg_s.a(lib_a-errno.o)
 .text          0x00000000        0x0 c:/program files (x86)/cypress/psoc creator/3.1/psoc creator/import/gnu_cs/arm/4.8.4/bin/../lib/gcc/arm-none-eabi/4.8.4/../../../../arm-none-eabi/lib/armv6-m\libg_s.a(lib_a-exit.o)
 .data          0x00000000        0x0 c:/program files (x86)/cypress/psoc creator/3.1/psoc creator/import/gnu_cs/arm/4.8.4/bin/../lib/gcc/arm-none-eabi/4.8.4/../../../../arm-none-eabi/lib/armv6-m\libg_s.a(lib_a-exit.o)
 .bss           0x00000000        0x0 c:/program files (x86)/cypress/psoc creator/3.1/psoc creator/import/gnu_cs/arm/4.8.4/bin/../lib/gcc/arm-none-eabi/4.8.4/../../../../arm-none-eabi/lib/armv6-m\libg_s.a(lib_a-exit.o)
 .text.exit     0x00000000       0x2c c:/program files (x86)/cypress/psoc creator/3.1/psoc creator/import/gnu_cs/arm/4.8.4/bin/../lib/gcc/arm-none-eabi/4.8.4/../../../../arm-none-eabi/lib/armv6-m\libg_s.a(lib_a-exit.o)
 .text          0x00000000        0x0 c:/program files (x86)/cypress/psoc creator/3.1/psoc creator/import/gnu_cs/arm/4.8.4/bin/../lib/gcc/arm-none-eabi/4.8.4/../../../../arm-none-eabi/lib/armv6-m\libg_s.a(lib_a-impure.o)
 .data          0x00000000        0x0 c:/program files (x86)/cypress/psoc creator/3.1/psoc creator/import/gnu_cs/arm/4.8.4/bin/../lib/gcc/arm-none-eabi/4.8.4/../../../../arm-none-eabi/lib/armv6-m\libg_s.a(lib_a-impure.o)
 .bss           0x00000000        0x0 c:/program files (x86)/cypress/psoc creator/3.1/psoc creator/import/gnu_cs/arm/4.8.4/bin/../lib/gcc/arm-none-eabi/4.8.4/../../../../arm-none-eabi/lib/armv6-m\libg_s.a(lib_a-impure.o)
 .data.impure_data
                0x00000000       0x60 c:/program files (x86)/cypress/psoc creator/3.1/psoc creator/import/gnu_cs/arm/4.8.4/bin/../lib/gcc/arm-none-eabi/4.8.4/../../../../arm-none-eabi/lib/armv6-m\libg_s.a(lib_a-impure.o)
 .data._impure_ptr
                0x00000000        0x4 c:/program files (x86)/cypress/psoc creator/3.1/psoc creator/import/gnu_cs/arm/4.8.4/bin/../lib/gcc/arm-none-eabi/4.8.4/../../../../arm-none-eabi/lib/armv6-m\libg_s.a(lib_a-impure.o)
 .rodata.str1.1
                0x00000000        0x2 c:/program files (x86)/cypress/psoc creator/3.1/psoc creator/import/gnu_cs/arm/4.8.4/bin/../lib/gcc/arm-none-eabi/4.8.4/../../../../arm-none-eabi/lib/armv6-m\libg_s.a(lib_a-impure.o)
 .rodata._global_impure_ptr
                0x00000000        0x4 c:/program files (x86)/cypress/psoc creator/3.1/psoc creator/import/gnu_cs/arm/4.8.4/bin/../lib/gcc/arm-none-eabi/4.8.4/../../../../arm-none-eabi/lib/armv6-m\libg_s.a(lib_a-impure.o)
 .text          0x00000000        0x0 c:/program files (x86)/cypress/psoc creator/3.1/psoc creator/import/gnu_cs/arm/4.8.4/bin/../lib/gcc/arm-none-eabi/4.8.4/../../../../arm-none-eabi/lib/armv6-m\libg_s.a(lib_a-init.o)
 .data          0x00000000        0x0 c:/program files (x86)/cypress/psoc creator/3.1/psoc creator/import/gnu_cs/arm/4.8.4/bin/../lib/gcc/arm-none-eabi/4.8.4/../../../../arm-none-eabi/lib/armv6-m\libg_s.a(lib_a-init.o)
 .bss           0x00000000        0x0 c:/program files (x86)/cypress/psoc creator/3.1/psoc creator/import/gnu_cs/arm/4.8.4/bin/../lib/gcc/arm-none-eabi/4.8.4/../../../../arm-none-eabi/lib/armv6-m\libg_s.a(lib_a-init.o)
 .text          0x00000000        0x0 c:/program files (x86)/cypress/psoc creator/3.1/psoc creator/import/gnu_cs/arm/4.8.4/bin/../lib/gcc/arm-none-eabi/4.8.4/../../../../arm-none-eabi/lib/armv6-m\libg_s.a(lib_a-memcpy-stub.o)
 .data          0x00000000        0x0 c:/program files (x86)/cypress/psoc creator/3.1/psoc creator/import/gnu_cs/arm/4.8.4/bin/../lib/gcc/arm-none-eabi/4.8.4/../../../../arm-none-eabi/lib/armv6-m\libg_s.a(lib_a-memcpy-stub.o)
 .bss           0x00000000        0x0 c:/program files (x86)/cypress/psoc creator/3.1/psoc creator/import/gnu_cs/arm/4.8.4/bin/../lib/gcc/arm-none-eabi/4.8.4/../../../../arm-none-eabi/lib/armv6-m\libg_s.a(lib_a-memcpy-stub.o)
 .text.memcpy   0x00000000       0x12 c:/program files (x86)/cypress/psoc creator/3.1/psoc creator/import/gnu_cs/arm/4.8.4/bin/../lib/gcc/arm-none-eabi/4.8.4/../../../../arm-none-eabi/lib/armv6-m\libg_s.a(lib_a-memcpy-stub.o)
 .text          0x00000000        0x0 c:/program files (x86)/cypress/psoc creator/3.1/psoc creator/import/gnu_cs/arm/4.8.4/bin/../lib/gcc/arm-none-eabi/4.8.4/../../../../arm-none-eabi/lib/armv6-m\libg_s.a(lib_a-memset.o)
 .data          0x00000000        0x0 c:/program files (x86)/cypress/psoc creator/3.1/psoc creator/import/gnu_cs/arm/4.8.4/bin/../lib/gcc/arm-none-eabi/4.8.4/../../../../arm-none-eabi/lib/armv6-m\libg_s.a(lib_a-memset.o)
 .bss           0x00000000        0x0 c:/program files (x86)/cypress/psoc creator/3.1/psoc creator/import/gnu_cs/arm/4.8.4/bin/../lib/gcc/arm-none-eabi/4.8.4/../../../../arm-none-eabi/lib/armv6-m\libg_s.a(lib_a-memset.o)
 .text          0x00000000        0x0 c:/program files (x86)/cypress/psoc creator/3.1/psoc creator/import/gnu_cs/arm/4.8.4/bin/../lib/gcc/arm-none-eabi/4.8.4/armv6-m/crtend.o
 .data          0x00000000        0x0 c:/program files (x86)/cypress/psoc creator/3.1/psoc creator/import/gnu_cs/arm/4.8.4/bin/../lib/gcc/arm-none-eabi/4.8.4/armv6-m/crtend.o
 .bss           0x00000000        0x0 c:/program files (x86)/cypress/psoc creator/3.1/psoc creator/import/gnu_cs/arm/4.8.4/bin/../lib/gcc/arm-none-eabi/4.8.4/armv6-m/crtend.o
 .text          0x00000000        0x0 c:/program files (x86)/cypress/psoc creator/3.1/psoc creator/import/gnu_cs/arm/4.8.4/bin/../lib/gcc/arm-none-eabi/4.8.4/armv6-m/crtn.o
 .data          0x00000000        0x0 c:/program files (x86)/cypress/psoc creator/3.1/psoc creator/import/gnu_cs/arm/4.8.4/bin/../lib/gcc/arm-none-eabi/4.8.4/armv6-m/crtn.o
 .bss           0x00000000        0x0 c:/program files (x86)/cypress/psoc creator/3.1/psoc creator/import/gnu_cs/arm/4.8.4/bin/../lib/gcc/arm-none-eabi/4.8.4/armv6-m/crtn.o

Memory Configuration

Name             Origin             Length             Attributes
rom              0x00000000         0x00008000         xr
ram              0x20000000         0x00001000         xrw
*default*        0x00000000         0xffffffff

Linker script and memory map

LOAD c:/program files (x86)/cypress/psoc creator/3.1/psoc creator/import/gnu_cs/arm/4.8.4/bin/../lib/gcc/arm-none-eabi/4.8.4/armv6-m/crti.o
LOAD c:/program files (x86)/cypress/psoc creator/3.1/psoc creator/import/gnu_cs/arm/4.8.4/bin/../lib/gcc/arm-none-eabi/4.8.4/armv6-m/crtbegin.o
LOAD c:/program files (x86)/cypress/psoc creator/3.1/psoc creator/import/gnu_cs/arm/4.8.4/bin/../lib/gcc/arm-none-eabi/4.8.4/../../../../arm-none-eabi/lib/armv6-m/crt0.o
START GROUP
LOAD .\CortexM0\ARM_GCC_484\Debug\main.o
LOAD .\CortexM0\ARM_GCC_484\Debug\cymetadata.o
LOAD .\CortexM0\ARM_GCC_484\Debug\Cm0Start.o
LOAD .\CortexM0\ARM_GCC_484\Debug\QuadDecExample01.a
LOAD C:\Program Files (x86)\Cypress\PSoC Creator\3.1\PSoC Creator\psoc\content\cycomponentlibrary\CyComponentLibrary.cylib\CortexM0\ARM_GCC_484\Debug\CyComponentLibrary.a
END GROUP
START GROUP
LOAD c:/program files (x86)/cypress/psoc creator/3.1/psoc creator/import/gnu_cs/arm/4.8.4/bin/../lib/gcc/arm-none-eabi/4.8.4/armv6-m\libgcc.a
LOAD c:/program files (x86)/cypress/psoc creator/3.1/psoc creator/import/gnu_cs/arm/4.8.4/bin/../lib/gcc/arm-none-eabi/4.8.4/../../../../arm-none-eabi/lib/armv6-m\libg_s.a
LOAD c:/program files (x86)/cypress/psoc creator/3.1/psoc creator/import/gnu_cs/arm/4.8.4/bin/../lib/gcc/arm-none-eabi/4.8.4/../../../../arm-none-eabi/lib/armv6-m\libc_s.a
END GROUP
START GROUP
LOAD c:/program files (x86)/cypress/psoc creator/3.1/psoc creator/import/gnu_cs/arm/4.8.4/bin/../lib/gcc/arm-none-eabi/4.8.4/armv6-m\libgcc.a
LOAD c:/program files (x86)/cypress/psoc creator/3.1/psoc creator/import/gnu_cs/arm/4.8.4/bin/../lib/gcc/arm-none-eabi/4.8.4/../../../../arm-none-eabi/lib/armv6-m\libc_s.a
END GROUP
LOAD c:/program files (x86)/cypress/psoc creator/3.1/psoc creator/import/gnu_cs/arm/4.8.4/bin/../lib/gcc/arm-none-eabi/4.8.4/armv6-m/crtend.o
LOAD c:/program files (x86)/cypress/psoc creator/3.1/psoc creator/import/gnu_cs/arm/4.8.4/bin/../lib/gcc/arm-none-eabi/4.8.4/armv6-m/crtn.o
START GROUP
LOAD c:/program files (x86)/cypress/psoc creator/3.1/psoc creator/import/gnu_cs/arm/4.8.4/bin/../lib/gcc/arm-none-eabi/4.8.4/armv6-m\libgcc.a
LOAD c:/program files (x86)/cypress/psoc creator/3.1/psoc creator/import/gnu_cs/arm/4.8.4/bin/../lib/gcc/arm-none-eabi/4.8.4/../../../../arm-none-eabi/lib/armv6-m\libc.a
LOAD c:/program files (x86)/cypress/psoc creator/3.1/psoc creator/import/gnu_cs/arm/4.8.4/bin/../lib/gcc/arm-none-eabi/4.8.4/../../../../arm-none-eabi/lib/armv6-m\libnosys.a
END GROUP
                0x00000000                CY_APPL_ORIGIN = 0x0
                0x00000080                CY_FLASH_ROW_SIZE = 0x80
                0x00000001                CY_APPL_NUM = 0x1
                0x00000040                CY_METADATA_SIZE = 0x40
                0x20000100                PROVIDE (__cy_heap_start, _end)
                0x00000001                PROVIDE (__cy_region_num, ((__cy_regions_end - __cy_regions) / 0x10))
                0x20001000                PROVIDE (__cy_stack, (ORIGIN (ram) + 0x1000))
                0x20000c00                PROVIDE (__cy_heap_end, (__cy_stack - 0x400))

.cybootloader   0x00000000        0x0
 *(.cybootloader)
                0x00000000                appl1_start = CY_APPL_ORIGIN?CY_APPL_ORIGIN:ALIGN (CY_FLASH_ROW_SIZE)
                0x00003f80                appl2_start = (appl1_start + ALIGN ((((0x8000 - appl1_start) - (0x2 * CY_FLASH_ROW_SIZE)) / 0x2), CY_FLASH_ROW_SIZE))
                0x00000000                appl_start = (CY_APPL_NUM == 0x1)?appl1_start:appl2_start

.text           0x00000000      0x8d4
 CREATE_OBJECT_SYMBOLS
                0x00000000                PROVIDE (__cy_interrupt_vector, RomVectors)
 *(.romvectors)
 .romvectors    0x00000000       0x10 .\CortexM0\ARM_GCC_484\Debug\Cm0Start.o
                0x00000000                RomVectors
                0x00000001                ASSERT ((. != __cy_interrupt_vector), No interrupt vector)
                0x00000001                ASSERT (CY_APPL_ORIGIN?(SIZEOF (.cybootloader) <= CY_APPL_ORIGIN):0x1, Wrong image location)
                0x00000010                PROVIDE (__cy_reset, Reset)
 *(.text.Reset)
 .text.Reset    0x00000010        0x8 .\CortexM0\ARM_GCC_484\Debug\Cm0Start.o
                0x00000010                Reset
                0x00000001                ASSERT ((. != __cy_reset), No reset code)
 *(.psocinit)
 .psocinit      0x00000018      0x260 .\CortexM0\ARM_GCC_484\Debug\QuadDecExample01.a(cyfitter_cfg.o)
                0x00000148                cyfitter_cfg
                0x00000278                . = MAX (., 0x100)
 *(.text .text.* .gnu.linkonce.t.*)
 .text          0x00000278       0x60 c:/program files (x86)/cypress/psoc creator/3.1/psoc creator/import/gnu_cs/arm/4.8.4/bin/../lib/gcc/arm-none-eabi/4.8.4/armv6-m/crtbegin.o
 .text.InterruptHandler
                0x000002d8       0x20 .\CortexM0\ARM_GCC_484\Debug\main.o
                0x000002d8                InterruptHandler
 .text.PhiAbGeneration
                0x000002f8       0x3c .\CortexM0\ARM_GCC_484\Debug\main.o
 .text.main     0x00000334       0x30 .\CortexM0\ARM_GCC_484\Debug\main.o
                0x00000334                main
 .text.IntDefaultHandler
                0x00000364        0x8 .\CortexM0\ARM_GCC_484\Debug\Cm0Start.o
                0x00000364                IntDefaultHandler
 .text.Start_c  0x0000036c       0x98 .\CortexM0\ARM_GCC_484\Debug\Cm0Start.o
                0x0000036c                Start_c
 .text.initialize_psoc
                0x00000404       0x64 .\CortexM0\ARM_GCC_484\Debug\Cm0Start.o
                0x00000404                initialize_psoc
 .text.CYMEMZERO
                0x00000468       0x20 .\CortexM0\ARM_GCC_484\Debug\QuadDecExample01.a(cyfitter_cfg.o)
 .text.cfg_write_bytes32
                0x00000488       0x80 .\CortexM0\ARM_GCC_484\Debug\QuadDecExample01.a(cyfitter_cfg.o)
 .text.AnalogSetDefault
                0x00000508        0x8 .\CortexM0\ARM_GCC_484\Debug\QuadDecExample01.a(cyfitter_cfg.o)
 .text.QuadDec_Init
                0x00000510       0x44 .\CortexM0\ARM_GCC_484\Debug\QuadDecExample01.a(QuadDec.o)
                0x00000510                QuadDec_Init
 .text.QuadDec_Enable
                0x00000554       0x30 .\CortexM0\ARM_GCC_484\Debug\QuadDecExample01.a(QuadDec.o)
                0x00000554                QuadDec_Enable
 .text.QuadDec_Start
                0x00000584       0x24 .\CortexM0\ARM_GCC_484\Debug\QuadDecExample01.a(QuadDec.o)
                0x00000584                QuadDec_Start
 .text.QuadDec_WriteCounter
                0x000005a8       0x1c .\CortexM0\ARM_GCC_484\Debug\QuadDecExample01.a(QuadDec.o)
                0x000005a8                QuadDec_WriteCounter
 .text.QuadDec_SetCounterMode
                0x000005c4       0x48 .\CortexM0\ARM_GCC_484\Debug\QuadDecExample01.a(QuadDec.o)
                0x000005c4                QuadDec_SetCounterMode
 .text.QuadDec_WritePeriod
                0x0000060c       0x1c .\CortexM0\ARM_GCC_484\Debug\QuadDecExample01.a(QuadDec.o)
                0x0000060c                QuadDec_WritePeriod
 .text.QuadDec_TriggerCommand
                0x00000628       0x3c .\CortexM0\ARM_GCC_484\Debug\QuadDecExample01.a(QuadDec.o)
                0x00000628                QuadDec_TriggerCommand
 .text.QuadDec_SetInterruptMode
                0x00000664       0x18 .\CortexM0\ARM_GCC_484\Debug\QuadDecExample01.a(QuadDec.o)
                0x00000664                QuadDec_SetInterruptMode
 .text.QuadDec_ClearInterrupt
                0x0000067c       0x18 .\CortexM0\ARM_GCC_484\Debug\QuadDecExample01.a(QuadDec.o)
                0x0000067c                QuadDec_ClearInterrupt
 .text.CC_ISR_StartEx
                0x00000694       0x24 .\CortexM0\ARM_GCC_484\Debug\QuadDecExample01.a(CC_ISR.o)
                0x00000694                CC_ISR_StartEx
 .text.CC_ISR_SetVector
                0x000006b8       0x1c .\CortexM0\ARM_GCC_484\Debug\QuadDecExample01.a(CC_ISR.o)
                0x000006b8                CC_ISR_SetVector
 .text.CC_ISR_SetPriority
                0x000006d4       0x50 .\CortexM0\ARM_GCC_484\Debug\QuadDecExample01.a(CC_ISR.o)
                0x000006d4                CC_ISR_SetPriority
 .text.CC_ISR_Enable
                0x00000724       0x14 .\CortexM0\ARM_GCC_484\Debug\QuadDecExample01.a(CC_ISR.o)
                0x00000724                CC_ISR_Enable
 .text.CC_ISR_Disable
                0x00000738       0x14 .\CortexM0\ARM_GCC_484\Debug\QuadDecExample01.a(CC_ISR.o)
                0x00000738                CC_ISR_Disable
 .text.phiA_Out_Write
                0x0000074c       0x48 .\CortexM0\ARM_GCC_484\Debug\QuadDecExample01.a(phiA_Out.o)
                0x0000074c                phiA_Out_Write
 .text.LED_GREEN_Write
                0x00000794       0x4c .\CortexM0\ARM_GCC_484\Debug\QuadDecExample01.a(LED_GREEN.o)
                0x00000794                LED_GREEN_Write
 .text          0x000007e0       0x28 .\CortexM0\ARM_GCC_484\Debug\QuadDecExample01.a(CyBootAsmGnu.o)
                0x000007e0                CyDelayCycles
                0x000007f4                CyEnterCriticalSection
                0x000007fc                CyExitCriticalSection
 .text.CyDelay  0x00000808       0x48 .\CortexM0\ARM_GCC_484\Debug\QuadDecExample01.a(CyLib.o)
                0x00000808                CyDelay
 .text.CyDelayUs
                0x00000850       0x28 .\CortexM0\ARM_GCC_484\Debug\QuadDecExample01.a(CyLib.o)
                0x00000850                CyDelayUs
 .text.__libc_init_array
                0x00000878       0x4c c:/program files (x86)/cypress/psoc creator/3.1/psoc creator/import/gnu_cs/arm/4.8.4/bin/../lib/gcc/arm-none-eabi/4.8.4/../../../../arm-none-eabi/lib/armv6-m\libg_s.a(lib_a-init.o)
                0x00000878                __libc_init_array
 .text.memset   0x000008c4       0x10 c:/program files (x86)/cypress/psoc creator/3.1/psoc creator/import/gnu_cs/arm/4.8.4/bin/../lib/gcc/arm-none-eabi/4.8.4/../../../../arm-none-eabi/lib/armv6-m\libg_s.a(lib_a-memset.o)
                0x000008c4                memset
 *(.plt)
 *(.gnu.warning)
 *(.glue_7t)
 .glue_7t       0x00000000        0x0 linker stubs
 *(.glue_7)
 .glue_7        0x00000000        0x0 linker stubs
 *(.vfp11_veneer)
 .vfp11_veneer  0x00000000        0x0 linker stubs
 *(.bootloader)
 *(.ARM.extab* .gnu.linkonce.armextab.*)
 *(.gcc_except_table)

.v4_bx          0x000008d4        0x0
 .v4_bx         0x00000000        0x0 linker stubs

.iplt           0x000008d4        0x0
 .iplt          0x00000000        0x0 c:/program files (x86)/cypress/psoc creator/3.1/psoc creator/import/gnu_cs/arm/4.8.4/bin/../lib/gcc/arm-none-eabi/4.8.4/armv6-m/crtbegin.o

.eh_frame_hdr
 *(.eh_frame_hdr)

.eh_frame       0x000008d4        0x4
 *(.eh_frame)
 .eh_frame      0x000008d4        0x0 c:/program files (x86)/cypress/psoc creator/3.1/psoc creator/import/gnu_cs/arm/4.8.4/bin/../lib/gcc/arm-none-eabi/4.8.4/armv6-m/crtbegin.o
 .eh_frame      0x000008d4        0x4 c:/program files (x86)/cypress/psoc creator/3.1/psoc creator/import/gnu_cs/arm/4.8.4/bin/../lib/gcc/arm-none-eabi/4.8.4/armv6-m/crtend.o
                0x000008d8                PROVIDE (__exidx_start, .)

.ARM.exidx
 *(.ARM.exidx* .gnu.linkonce.armexidx.*)
                0x000008d8                __exidx_end = .

.rodata         0x000008d8       0x60
 *(.rodata .rodata.* .gnu.linkonce.r.*)
 .rodata        0x000008d8       0x28 .\CortexM0\ARM_GCC_484\Debug\QuadDecExample01.a(cyfitter_cfg.o)
                0x00000900                . = ALIGN (0x4)
 *(.init)
 .init          0x00000900        0x4 c:/program files (x86)/cypress/psoc creator/3.1/psoc creator/import/gnu_cs/arm/4.8.4/bin/../lib/gcc/arm-none-eabi/4.8.4/armv6-m/crti.o
                0x00000900                _init
 .init          0x00000904        0x8 c:/program files (x86)/cypress/psoc creator/3.1/psoc creator/import/gnu_cs/arm/4.8.4/bin/../lib/gcc/arm-none-eabi/4.8.4/armv6-m/crtn.o
                0x0000090c                . = ALIGN (0x4)
                0x0000090c                __preinit_array_start = .
 *(.preinit_array)
                0x0000090c                __preinit_array_end = .
                0x0000090c                . = ALIGN (0x4)
                0x0000090c                __init_array_start = .
 *(SORT(.init_array.*))
 *(.init_array)
 .init_array    0x0000090c        0x4 c:/program files (x86)/cypress/psoc creator/3.1/psoc creator/import/gnu_cs/arm/4.8.4/bin/../lib/gcc/arm-none-eabi/4.8.4/armv6-m/crtbegin.o
 .init_array    0x00000910        0x4 .\CortexM0\ARM_GCC_484\Debug\Cm0Start.o
                0x00000914                __init_array_end = .
                0x00000914                . = ALIGN (0x4)
 *(.fini)
 .fini          0x00000914        0x4 c:/program files (x86)/cypress/psoc creator/3.1/psoc creator/import/gnu_cs/arm/4.8.4/bin/../lib/gcc/arm-none-eabi/4.8.4/armv6-m/crti.o
                0x00000914                _fini
 .fini          0x00000918        0x8 c:/program files (x86)/cypress/psoc creator/3.1/psoc creator/import/gnu_cs/arm/4.8.4/bin/../lib/gcc/arm-none-eabi/4.8.4/armv6-m/crtn.o
                0x00000920                . = ALIGN (0x4)
                0x00000920                __fini_array_start = .
 *(.fini_array)
 .fini_array    0x00000920        0x4 c:/program files (x86)/cypress/psoc creator/3.1/psoc creator/import/gnu_cs/arm/4.8.4/bin/../lib/gcc/arm-none-eabi/4.8.4/armv6-m/crtbegin.o
 *(SORT(.fini_array.*))
                0x00000924                __fini_array_end = .
                0x00000924                . = ALIGN (0x4)
 *crtbegin.o(.ctors)
 *(EXCLUDE_FILE(*crtend.o) .ctors)
 *(SORT(.ctors.*))
 *crtend.o(.ctors)
                0x00000924                . = ALIGN (0x4)
 *crtbegin.o(.dtors)
 *(EXCLUDE_FILE(*crtend.o) .dtors)
 *(SORT(.dtors.*))
 *crtend.o(.dtors)
                0x00000924                . = ALIGN (0x4)
                0x00000924                __cy_regions = .
                0x00000924        0x4 LONG 0x938 __cy_region_init_ram
                0x00000928        0x4 LONG 0x200000c8 __cy_region_start_data
                0x0000092c        0x4 LONG 0x18 __cy_region_init_size_ram
                0x00000930        0x4 LONG 0x20 __cy_region_zero_size_ram
                0x00000934                __cy_regions_end = .
                0x00000938                . = ALIGN (0x8)
 *fill*         0x00000934        0x4 
                0x00000938                _etext = .

.ramvectors     0x20000000       0xc0
                0x20000000                __cy_region_start_ram = .
 *(.ramvectors)
 .ramvectors    0x20000000       0xc0 .\CortexM0\ARM_GCC_484\Debug\Cm0Start.o
                0x20000000                CyRamVectors

.noinit         0x200000c0        0x4
 *(.noinit)
 .noinit        0x200000c0        0x4 .\CortexM0\ARM_GCC_484\Debug\Cm0Start.o

.data           0x200000c8       0x18 load address 0x00000938
                0x200000c8                __cy_region_start_data = .
 *(.jcr)
 .jcr           0x200000c8        0x0 c:/program files (x86)/cypress/psoc creator/3.1/psoc creator/import/gnu_cs/arm/4.8.4/bin/../lib/gcc/arm-none-eabi/4.8.4/armv6-m/crtbegin.o
 .jcr           0x200000c8        0x4 c:/program files (x86)/cypress/psoc creator/3.1/psoc creator/import/gnu_cs/arm/4.8.4/bin/../lib/gcc/arm-none-eabi/4.8.4/armv6-m/crtend.o
 *(.got.plt)
 *(.got)
 *(.shdata)
 *(.data .data.* .gnu.linkonce.d.*)
 .data          0x200000cc        0x4 .\CortexM0\ARM_GCC_484\Debug\QuadDecExample01.a(cyfitter_cfg.o)
 .data          0x200000d0       0x10 .\CortexM0\ARM_GCC_484\Debug\QuadDecExample01.a(CyLib.o)
                0x200000d0                cydelayFreqHz
                0x200000d4                cydelayFreqKhz
                0x200000d8                cydelayFreqMhz
                0x200000dc                cydelay32kMs
                0x200000e0                . = ALIGN (0x8)
 *(.ram)
                0x200000e0                _edata = .

.igot.plt       0x200000e0        0x0 load address 0x00000950
 .igot.plt      0x00000000        0x0 c:/program files (x86)/cypress/psoc creator/3.1/psoc creator/import/gnu_cs/arm/4.8.4/bin/../lib/gcc/arm-none-eabi/4.8.4/armv6-m/crtbegin.o

.bss            0x200000e0       0x20 load address 0x00000950
                0x200000e0                PROVIDE (__bss_start__, .)
 *(.shbss)
 *(.bss .bss.* .gnu.linkonce.b.*)
 .bss           0x200000e0       0x1c c:/program files (x86)/cypress/psoc creator/3.1/psoc creator/import/gnu_cs/arm/4.8.4/bin/../lib/gcc/arm-none-eabi/4.8.4/armv6-m/crtbegin.o
 .bss           0x200000fc        0x1 .\CortexM0\ARM_GCC_484\Debug\QuadDecExample01.a(QuadDec.o)
                0x200000fc                QuadDec_initVar
 *(COMMON)
                0x20000100                . = ALIGN (0x8)
 *fill*         0x200000fd        0x3 
 *(.ram.b)
                0x20000100                _end = .
                0x20000100                __end = .
                0x20000100                PROVIDE (end, .)
                0x20000100                PROVIDE (__bss_end__, .)
                0x00000938                __cy_region_init_ram = LOADADDR (.data)
                0x00000018                __cy_region_init_size_ram = (_edata - ADDR (.data))
                0x00000020                __cy_region_zero_size_ram = (_end - _edata)

.heap           0x20000100      0x100 load address 0x00000950
                0x20000100                . = _end
                0x20000200                . = (. + 0x100)
 *fill*         0x20000100      0x100 
                0x20000200                __cy_heap_limit = .

.stack          0x20000c00      0x400
                0x20000c00                __cy_stack_limit = .
                0x20001000                . = (. + 0x400)
 *fill*         0x20000c00      0x400 
                0x00000001                ASSERT ((__cy_stack_limit >= __cy_heap_limit), region RAM overflowed with stack)

.cyloadermeta
 *(.cyloadermeta)

.cyloadablemeta
 *(.cyloadablemeta)

.cyflashprotect
                0x90400000       0x20
 *(.cyflashprotect)
 .cyflashprotect
                0x90400000       0x20 .\CortexM0\ARM_GCC_484\Debug\cymetadata.o
                0x90400000                cy_meta_flashprotect

.cymeta         0x90500000        0xc
 *(.cymeta)
 .cymeta        0x90500000        0xc .\CortexM0\ARM_GCC_484\Debug\cymetadata.o
                0x90500000                cy_metadata

.cychipprotect  0x90600000        0x4
 *(.cychipprotect)
 .cychipprotect
                0x90600000        0x4 .\CortexM0\ARM_GCC_484\Debug\cymetadata.o
                0x90600000                cy_meta_chipprotect

.rel.dyn        0x00000950        0x0 load address 0x90600004
 .rel.iplt      0x00000000        0x0 c:/program files (x86)/cypress/psoc creator/3.1/psoc creator/import/gnu_cs/arm/4.8.4/bin/../lib/gcc/arm-none-eabi/4.8.4/armv6-m/crtbegin.o

.stab
 *(.stab)

.stabstr
 *(.stabstr)

.debug
 *(.debug)

.line
 *(.line)

.debug_srcinfo
 *(.debug_srcinfo)

.debug_sfnames
 *(.debug_sfnames)

.debug_aranges  0x00000000      0x590
 *(.debug_aranges)
 .debug_aranges
                0x00000000       0x30 .\CortexM0\ARM_GCC_484\Debug\main.o
 .debug_aranges
                0x00000030       0x18 .\CortexM0\ARM_GCC_484\Debug\cymetadata.o
 .debug_aranges
                0x00000048       0x48 .\CortexM0\ARM_GCC_484\Debug\Cm0Start.o
 .debug_aranges
                0x00000090       0x58 .\CortexM0\ARM_GCC_484\Debug\QuadDecExample01.a(cyfitter_cfg.o)
 .debug_aranges
                0x000000e8      0x158 .\CortexM0\ARM_GCC_484\Debug\QuadDecExample01.a(QuadDec.o)
 .debug_aranges
                0x00000240       0x80 .\CortexM0\ARM_GCC_484\Debug\QuadDecExample01.a(CC_ISR.o)
 .debug_aranges
                0x000002c0       0x40 .\CortexM0\ARM_GCC_484\Debug\QuadDecExample01.a(phiA_Out.o)
 .debug_aranges
                0x00000300       0x40 .\CortexM0\ARM_GCC_484\Debug\QuadDecExample01.a(LED_GREEN.o)
 .debug_aranges
                0x00000340       0x20 .\CortexM0\ARM_GCC_484\Debug\QuadDecExample01.a(CyBootAsmGnu.o)
 .debug_aranges
                0x00000360      0x230 .\CortexM0\ARM_GCC_484\Debug\QuadDecExample01.a(CyLib.o)

.debug_pubnames
 *(.debug_pubnames)

.debug_info     0x00000000     0x21f2
 *(.debug_info .gnu.linkonce.wi.*)
 .debug_info    0x00000000       0xfc .\CortexM0\ARM_GCC_484\Debug\main.o
 .debug_info    0x000000fc       0xfd .\CortexM0\ARM_GCC_484\Debug\cymetadata.o
 .debug_info    0x000001f9      0x2ff .\CortexM0\ARM_GCC_484\Debug\Cm0Start.o
 .debug_info    0x000004f8      0x442 .\CortexM0\ARM_GCC_484\Debug\QuadDecExample01.a(cyfitter_cfg.o)
 .debug_info    0x0000093a      0x6f0 .\CortexM0\ARM_GCC_484\Debug\QuadDecExample01.a(QuadDec.o)
 .debug_info    0x0000102a      0x241 .\CortexM0\ARM_GCC_484\Debug\QuadDecExample01.a(CC_ISR.o)
 .debug_info    0x0000126b      0x14c .\CortexM0\ARM_GCC_484\Debug\QuadDecExample01.a(phiA_Out.o)
 .debug_info    0x000013b7      0x14c .\CortexM0\ARM_GCC_484\Debug\QuadDecExample01.a(LED_GREEN.o)
 .debug_info    0x00001503       0x94 .\CortexM0\ARM_GCC_484\Debug\QuadDecExample01.a(CyBootAsmGnu.o)
 .debug_info    0x00001597      0xc5b .\CortexM0\ARM_GCC_484\Debug\QuadDecExample01.a(CyLib.o)

.debug_abbrev   0x00000000      0xa43
 *(.debug_abbrev)
 .debug_abbrev  0x00000000       0xae .\CortexM0\ARM_GCC_484\Debug\main.o
 .debug_abbrev  0x000000ae       0x5d .\CortexM0\ARM_GCC_484\Debug\cymetadata.o
 .debug_abbrev  0x0000010b      0x1b4 .\CortexM0\ARM_GCC_484\Debug\Cm0Start.o
 .debug_abbrev  0x000002bf      0x18a .\CortexM0\ARM_GCC_484\Debug\QuadDecExample01.a(cyfitter_cfg.o)
 .debug_abbrev  0x00000449      0x109 .\CortexM0\ARM_GCC_484\Debug\QuadDecExample01.a(QuadDec.o)
 .debug_abbrev  0x00000552      0x168 .\CortexM0\ARM_GCC_484\Debug\QuadDecExample01.a(CC_ISR.o)
 .debug_abbrev  0x000006ba       0xb7 .\CortexM0\ARM_GCC_484\Debug\QuadDecExample01.a(phiA_Out.o)
 .debug_abbrev  0x00000771       0xb7 .\CortexM0\ARM_GCC_484\Debug\QuadDecExample01.a(LED_GREEN.o)
 .debug_abbrev  0x00000828       0x14 .\CortexM0\ARM_GCC_484\Debug\QuadDecExample01.a(CyBootAsmGnu.o)
 .debug_abbrev  0x0000083c      0x207 .\CortexM0\ARM_GCC_484\Debug\QuadDecExample01.a(CyLib.o)

.debug_line     0x00000000     0x11f3
 *(.debug_line)
 .debug_line    0x00000000       0xb3 .\CortexM0\ARM_GCC_484\Debug\main.o
 .debug_line    0x000000b3       0x53 .\CortexM0\ARM_GCC_484\Debug\cymetadata.o
 .debug_line    0x00000106      0x1bb .\CortexM0\ARM_GCC_484\Debug\Cm0Start.o
 .debug_line    0x000002c1      0x1a8 .\CortexM0\ARM_GCC_484\Debug\QuadDecExample01.a(cyfitter_cfg.o)
 .debug_line    0x00000469      0x36c .\CortexM0\ARM_GCC_484\Debug\QuadDecExample01.a(QuadDec.o)
 .debug_line    0x000007d5      0x155 .\CortexM0\ARM_GCC_484\Debug\QuadDecExample01.a(CC_ISR.o)
 .debug_line    0x0000092a       0xae .\CortexM0\ARM_GCC_484\Debug\QuadDecExample01.a(phiA_Out.o)
 .debug_line    0x000009d8       0xaf .\CortexM0\ARM_GCC_484\Debug\QuadDecExample01.a(LED_GREEN.o)
 .debug_line    0x00000a87       0x69 .\CortexM0\ARM_GCC_484\Debug\QuadDecExample01.a(CyBootAsmGnu.o)
 .debug_line    0x00000af0      0x703 .\CortexM0\ARM_GCC_484\Debug\QuadDecExample01.a(CyLib.o)

.debug_frame    0x00000000     0x137c
 *(.debug_frame)
 .debug_frame   0x00000000       0x68 .\CortexM0\ARM_GCC_484\Debug\main.o
 .debug_frame   0x00000068       0xc8 .\CortexM0\ARM_GCC_484\Debug\Cm0Start.o
 .debug_frame   0x00000130      0x108 .\CortexM0\ARM_GCC_484\Debug\QuadDecExample01.a(cyfitter_cfg.o)
 .debug_frame   0x00000238      0x52c .\CortexM0\ARM_GCC_484\Debug\QuadDecExample01.a(QuadDec.o)
 .debug_frame   0x00000764      0x190 .\CortexM0\ARM_GCC_484\Debug\QuadDecExample01.a(CC_ISR.o)
 .debug_frame   0x000008f4       0xa8 .\CortexM0\ARM_GCC_484\Debug\QuadDecExample01.a(phiA_Out.o)
 .debug_frame   0x0000099c       0xa8 .\CortexM0\ARM_GCC_484\Debug\QuadDecExample01.a(LED_GREEN.o)
 .debug_frame   0x00000a44      0x83c .\CortexM0\ARM_GCC_484\Debug\QuadDecExample01.a(CyLib.o)
 .debug_frame   0x00001280       0x20 c:/program files (x86)/cypress/psoc creator/3.1/psoc creator/import/gnu_cs/arm/4.8.4/bin/../lib/gcc/arm-none-eabi/4.8.4/armv6-m\libgcc.a(_udivsi3.o)
 .debug_frame   0x000012a0       0x20 c:/program files (x86)/cypress/psoc creator/3.1/psoc creator/import/gnu_cs/arm/4.8.4/bin/../lib/gcc/arm-none-eabi/4.8.4/armv6-m\libgcc.a(_divsi3.o)
 .debug_frame   0x000012c0       0x20 c:/program files (x86)/cypress/psoc creator/3.1/psoc creator/import/gnu_cs/arm/4.8.4/bin/../lib/gcc/arm-none-eabi/4.8.4/../../../../arm-none-eabi/lib/armv6-m\libg_s.a(lib_a-errno.o)
 .debug_frame   0x000012e0       0x28 c:/program files (x86)/cypress/psoc creator/3.1/psoc creator/import/gnu_cs/arm/4.8.4/bin/../lib/gcc/arm-none-eabi/4.8.4/../../../../arm-none-eabi/lib/armv6-m\libg_s.a(lib_a-exit.o)
 .debug_frame   0x00001308       0x2c c:/program files (x86)/cypress/psoc creator/3.1/psoc creator/import/gnu_cs/arm/4.8.4/bin/../lib/gcc/arm-none-eabi/4.8.4/../../../../arm-none-eabi/lib/armv6-m\libg_s.a(lib_a-init.o)
 .debug_frame   0x00001334       0x28 c:/program files (x86)/cypress/psoc creator/3.1/psoc creator/import/gnu_cs/arm/4.8.4/bin/../lib/gcc/arm-none-eabi/4.8.4/../../../../arm-none-eabi/lib/armv6-m\libg_s.a(lib_a-memcpy-stub.o)
 .debug_frame   0x0000135c       0x20 c:/program files (x86)/cypress/psoc creator/3.1/psoc creator/import/gnu_cs/arm/4.8.4/bin/../lib/gcc/arm-none-eabi/4.8.4/../../../../arm-none-eabi/lib/armv6-m\libg_s.a(lib_a-memset.o)

.debug_str      0x00000000     0x1223
 *(.debug_str)
 .debug_str     0x00000000      0x16f .\CortexM0\ARM_GCC_484\Debug\main.o
                                0x1a8 (size before relaxing)
 .debug_str     0x0000016f       0x61 .\CortexM0\ARM_GCC_484\Debug\cymetadata.o
                                0x1c0 (size before relaxing)
 .debug_str     0x000001d0      0x12f .\CortexM0\ARM_GCC_484\Debug\Cm0Start.o
                                0x2ae (size before relaxing)
 .debug_str     0x000002ff      0x1a0 .\CortexM0\ARM_GCC_484\Debug\QuadDecExample01.a(cyfitter_cfg.o)
                                0x348 (size before relaxing)
 .debug_str     0x0000049f      0x446 .\CortexM0\ARM_GCC_484\Debug\QuadDecExample01.a(QuadDec.o)
                                0x5be (size before relaxing)
 .debug_str     0x000008e5      0x11d .\CortexM0\ARM_GCC_484\Debug\QuadDecExample01.a(CC_ISR.o)
                                0x2b1 (size before relaxing)
 .debug_str     0x00000a02       0x97 .\CortexM0\ARM_GCC_484\Debug\QuadDecExample01.a(phiA_Out.o)
                                0x20b (size before relaxing)
 .debug_str     0x00000a99       0x8a .\CortexM0\ARM_GCC_484\Debug\QuadDecExample01.a(LED_GREEN.o)
                                0x211 (size before relaxing)
 .debug_str     0x00000b23      0x700 .\CortexM0\ARM_GCC_484\Debug\QuadDecExample01.a(CyLib.o)
                                0x8c7 (size before relaxing)

.debug_loc
 *(.debug_loc)

.debug_macinfo
 *(.debug_macinfo)

.debug_ranges   0x00000000      0x4d8
 *(.debug_ranges)
 .debug_ranges  0x00000000       0x20 .\CortexM0\ARM_GCC_484\Debug\main.o
 .debug_ranges  0x00000020       0x38 .\CortexM0\ARM_GCC_484\Debug\Cm0Start.o
 .debug_ranges  0x00000058       0x48 .\CortexM0\ARM_GCC_484\Debug\QuadDecExample01.a(cyfitter_cfg.o)
 .debug_ranges  0x000000a0      0x148 .\CortexM0\ARM_GCC_484\Debug\QuadDecExample01.a(QuadDec.o)
 .debug_ranges  0x000001e8       0x70 .\CortexM0\ARM_GCC_484\Debug\QuadDecExample01.a(CC_ISR.o)
 .debug_ranges  0x00000258       0x30 .\CortexM0\ARM_GCC_484\Debug\QuadDecExample01.a(phiA_Out.o)
 .debug_ranges  0x00000288       0x30 .\CortexM0\ARM_GCC_484\Debug\QuadDecExample01.a(LED_GREEN.o)
 .debug_ranges  0x000002b8      0x220 .\CortexM0\ARM_GCC_484\Debug\QuadDecExample01.a(CyLib.o)

.comment        0x00000000       0x70
 .comment       0x00000000       0x70 .\CortexM0\ARM_GCC_484\Debug\main.o
                                 0x71 (size before relaxing)
 .comment       0x00000000       0x71 .\CortexM0\ARM_GCC_484\Debug\cymetadata.o
 .comment       0x00000000       0x71 .\CortexM0\ARM_GCC_484\Debug\Cm0Start.o
 .comment       0x00000000       0x71 .\CortexM0\ARM_GCC_484\Debug\QuadDecExample01.a(cyfitter_cfg.o)
 .comment       0x00000000       0x71 .\CortexM0\ARM_GCC_484\Debug\QuadDecExample01.a(QuadDec.o)
 .comment       0x00000000       0x71 .\CortexM0\ARM_GCC_484\Debug\QuadDecExample01.a(CC_ISR.o)
 .comment       0x00000000       0x71 .\CortexM0\ARM_GCC_484\Debug\QuadDecExample01.a(phiA_Out.o)
 .comment       0x00000000       0x71 .\CortexM0\ARM_GCC_484\Debug\QuadDecExample01.a(LED_GREEN.o)
 .comment       0x00000000       0x71 .\CortexM0\ARM_GCC_484\Debug\QuadDecExample01.a(CyLib.o)

.debug_weaknames
 *(.debug_weaknames)

.debug_funcnames
 *(.debug_funcnames)

.debug_typenames
 *(.debug_typenames)

.debug_varnames
 *(.debug_varnames)

.note.gnu.arm.ident
 *(.note.gnu.arm.ident)

.ARM.attributes
                0x00000000       0x28
 *(.ARM.attributes)
 .ARM.attributes
                0x00000000       0x1e c:/program files (x86)/cypress/psoc creator/3.1/psoc creator/import/gnu_cs/arm/4.8.4/bin/../lib/gcc/arm-none-eabi/4.8.4/armv6-m/crti.o
 .ARM.attributes
                0x0000001e       0x2c c:/program files (x86)/cypress/psoc creator/3.1/psoc creator/import/gnu_cs/arm/4.8.4/bin/../lib/gcc/arm-none-eabi/4.8.4/armv6-m/crtbegin.o
 .ARM.attributes
                0x0000004a       0x1b c:/program files (x86)/cypress/psoc creator/3.1/psoc creator/import/gnu_cs/arm/4.8.4/bin/../lib/gcc/arm-none-eabi/4.8.4/../../../../arm-none-eabi/lib/armv6-m/crt0.o
 .ARM.attributes
                0x00000065       0x31 .\CortexM0\ARM_GCC_484\Debug\main.o
 .ARM.attributes
                0x00000096       0x31 .\CortexM0\ARM_GCC_484\Debug\cymetadata.o
 .ARM.attributes
                0x000000c7       0x31 .\CortexM0\ARM_GCC_484\Debug\Cm0Start.o
 .ARM.attributes
                0x000000f8       0x31 .\CortexM0\ARM_GCC_484\Debug\QuadDecExample01.a(cyfitter_cfg.o)
 .ARM.attributes
                0x00000129       0x31 .\CortexM0\ARM_GCC_484\Debug\QuadDecExample01.a(QuadDec.o)
 .ARM.attributes
                0x0000015a       0x31 .\CortexM0\ARM_GCC_484\Debug\QuadDecExample01.a(CC_ISR.o)
 .ARM.attributes
                0x0000018b       0x31 .\CortexM0\ARM_GCC_484\Debug\QuadDecExample01.a(phiA_Out.o)
 .ARM.attributes
                0x000001bc       0x31 .\CortexM0\ARM_GCC_484\Debug\QuadDecExample01.a(LED_GREEN.o)
 .ARM.attributes
                0x000001ed       0x21 .\CortexM0\ARM_GCC_484\Debug\QuadDecExample01.a(CyBootAsmGnu.o)
 .ARM.attributes
                0x0000020e       0x31 .\CortexM0\ARM_GCC_484\Debug\QuadDecExample01.a(CyLib.o)
 .ARM.attributes
                0x0000023f       0x1e c:/program files (x86)/cypress/psoc creator/3.1/psoc creator/import/gnu_cs/arm/4.8.4/bin/../lib/gcc/arm-none-eabi/4.8.4/armv6-m\libgcc.a(_udivsi3.o)
 .ARM.attributes
                0x0000025d       0x1e c:/program files (x86)/cypress/psoc creator/3.1/psoc creator/import/gnu_cs/arm/4.8.4/bin/../lib/gcc/arm-none-eabi/4.8.4/armv6-m\libgcc.a(_divsi3.o)
 .ARM.attributes
                0x0000027b       0x1e c:/program files (x86)/cypress/psoc creator/3.1/psoc creator/import/gnu_cs/arm/4.8.4/bin/../lib/gcc/arm-none-eabi/4.8.4/armv6-m\libgcc.a(_dvmd_tls.o)
 .ARM.attributes
                0x00000299       0x2c c:/program files (x86)/cypress/psoc creator/3.1/psoc creator/import/gnu_cs/arm/4.8.4/bin/../lib/gcc/arm-none-eabi/4.8.4/../../../../arm-none-eabi/lib/armv6-m\libg_s.a(lib_a-errno.o)
 .ARM.attributes
                0x000002c5       0x2c c:/program files (x86)/cypress/psoc creator/3.1/psoc creator/import/gnu_cs/arm/4.8.4/bin/../lib/gcc/arm-none-eabi/4.8.4/../../../../arm-none-eabi/lib/armv6-m\libg_s.a(lib_a-exit.o)
 .ARM.attributes
                0x000002f1       0x2c c:/program files (x86)/cypress/psoc creator/3.1/psoc creator/import/gnu_cs/arm/4.8.4/bin/../lib/gcc/arm-none-eabi/4.8.4/../../../../arm-none-eabi/lib/armv6-m\libg_s.a(lib_a-impure.o)
 .ARM.attributes
                0x0000031d       0x2c c:/program files (x86)/cypress/psoc creator/3.1/psoc creator/import/gnu_cs/arm/4.8.4/bin/../lib/gcc/arm-none-eabi/4.8.4/../../../../arm-none-eabi/lib/armv6-m\libg_s.a(lib_a-init.o)
 .ARM.attributes
                0x00000349       0x2c c:/program files (x86)/cypress/psoc creator/3.1/psoc creator/import/gnu_cs/arm/4.8.4/bin/../lib/gcc/arm-none-eabi/4.8.4/../../../../arm-none-eabi/lib/armv6-m\libg_s.a(lib_a-memcpy-stub.o)
 .ARM.attributes
                0x00000375       0x2c c:/program files (x86)/cypress/psoc creator/3.1/psoc creator/import/gnu_cs/arm/4.8.4/bin/../lib/gcc/arm-none-eabi/4.8.4/../../../../arm-none-eabi/lib/armv6-m\libg_s.a(lib_a-memset.o)
 .ARM.attributes
                0x000003a1       0x2c c:/program files (x86)/cypress/psoc creator/3.1/psoc creator/import/gnu_cs/arm/4.8.4/bin/../lib/gcc/arm-none-eabi/4.8.4/armv6-m/crtend.o
 .ARM.attributes
                0x000003cd       0x1e c:/program files (x86)/cypress/psoc creator/3.1/psoc creator/import/gnu_cs/arm/4.8.4/bin/../lib/gcc/arm-none-eabi/4.8.4/armv6-m/crtn.o

/DISCARD/
 *(.note.GNU-stack)
OUTPUT(.\CortexM0\ARM_GCC_484\Debug\QuadDecExample01.elf elf32-littlearm)
