Archive member included because of file (symbol)

.\CortexM0\ARM_GCC_484\Debug\SerialTest.a(cyfitter_cfg.o)
                              .\CortexM0\ARM_GCC_484\Debug\Cm0Start.o (cyfitter_cfg)
.\CortexM0\ARM_GCC_484\Debug\SerialTest.a(UART.o)
                              .\CortexM0\ARM_GCC_484\Debug\main.o (UART_Start)
.\CortexM0\ARM_GCC_484\Debug\SerialTest.a(UART_SPI_UART.o)
                              .\CortexM0\ARM_GCC_484\Debug\main.o (UART_SpiUartWriteTxData)
.\CortexM0\ARM_GCC_484\Debug\SerialTest.a(UART_UART.o)
                              .\CortexM0\ARM_GCC_484\Debug\SerialTest.a(UART.o) (UART_UartInit)
.\CortexM0\ARM_GCC_484\Debug\SerialTest.a(CyBootAsmGnu.o)
                              .\CortexM0\ARM_GCC_484\Debug\SerialTest.a(cyfitter_cfg.o) (CyDelayCycles)
.\CortexM0\ARM_GCC_484\Debug\SerialTest.a(CyLib.o)
                              .\CortexM0\ARM_GCC_484\Debug\SerialTest.a(cyfitter_cfg.o) (CyDelayUs)
.\CortexM0\ARM_GCC_484\Debug\SerialTest.a(Counter_1.o)
                              .\CortexM0\ARM_GCC_484\Debug\main.o (Counter_1_Start)
.\CortexM0\ARM_GCC_484\Debug\SerialTest.a(CounterISR.o)
                              .\CortexM0\ARM_GCC_484\Debug\main.o (CounterISR_StartEx)
c:/program files (x86)/cypress/psoc creator/3.1/psoc creator/import/gnu_cs/arm/4.8.4/bin/../lib/gcc/arm-none-eabi/4.8.4/armv6-m\libgcc.a(_udivsi3.o)
                              .\CortexM0\ARM_GCC_484\Debug\SerialTest.a(CyLib.o) (__aeabi_uidiv)
c:/program files (x86)/cypress/psoc creator/3.1/psoc creator/import/gnu_cs/arm/4.8.4/bin/../lib/gcc/arm-none-eabi/4.8.4/armv6-m\libgcc.a(_divsi3.o)
                              .\CortexM0\ARM_GCC_484\Debug\Cm0Start.o (__aeabi_idiv)
c:/program files (x86)/cypress/psoc creator/3.1/psoc creator/import/gnu_cs/arm/4.8.4/bin/../lib/gcc/arm-none-eabi/4.8.4/armv6-m\libgcc.a(_dvmd_tls.o)
                              c:/program files (x86)/cypress/psoc creator/3.1/psoc creator/import/gnu_cs/arm/4.8.4/bin/../lib/gcc/arm-none-eabi/4.8.4/armv6-m\libgcc.a(_udivsi3.o) (__aeabi_idiv0)
c:/program files (x86)/cypress/psoc creator/3.1/psoc creator/import/gnu_cs/arm/4.8.4/bin/../lib/gcc/arm-none-eabi/4.8.4/../../../../arm-none-eabi/lib/armv6-m\libg_s.a(lib_a-errno.o)
                              .\CortexM0\ARM_GCC_484\Debug\Cm0Start.o (__errno)
c:/program files (x86)/cypress/psoc creator/3.1/psoc creator/import/gnu_cs/arm/4.8.4/bin/../lib/gcc/arm-none-eabi/4.8.4/../../../../arm-none-eabi/lib/armv6-m\libg_s.a(lib_a-exit.o)
                              c:/program files (x86)/cypress/psoc creator/3.1/psoc creator/import/gnu_cs/arm/4.8.4/bin/../lib/gcc/arm-none-eabi/4.8.4/../../../../arm-none-eabi/lib/armv6-m/crt0.o (exit)
c:/program files (x86)/cypress/psoc creator/3.1/psoc creator/import/gnu_cs/arm/4.8.4/bin/../lib/gcc/arm-none-eabi/4.8.4/../../../../arm-none-eabi/lib/armv6-m\libg_s.a(lib_a-impure.o)
                              c:/program files (x86)/cypress/psoc creator/3.1/psoc creator/import/gnu_cs/arm/4.8.4/bin/../lib/gcc/arm-none-eabi/4.8.4/../../../../arm-none-eabi/lib/armv6-m\libg_s.a(lib_a-exit.o) (_global_impure_ptr)
c:/program files (x86)/cypress/psoc creator/3.1/psoc creator/import/gnu_cs/arm/4.8.4/bin/../lib/gcc/arm-none-eabi/4.8.4/../../../../arm-none-eabi/lib/armv6-m\libg_s.a(lib_a-init.o)
                              c:/program files (x86)/cypress/psoc creator/3.1/psoc creator/import/gnu_cs/arm/4.8.4/bin/../lib/gcc/arm-none-eabi/4.8.4/../../../../arm-none-eabi/lib/armv6-m/crt0.o (__libc_init_array)
c:/program files (x86)/cypress/psoc creator/3.1/psoc creator/import/gnu_cs/arm/4.8.4/bin/../lib/gcc/arm-none-eabi/4.8.4/../../../../arm-none-eabi/lib/armv6-m\libg_s.a(lib_a-memcpy-stub.o)
                              .\CortexM0\ARM_GCC_484\Debug\SerialTest.a(cyfitter_cfg.o) (memcpy)
c:/program files (x86)/cypress/psoc creator/3.1/psoc creator/import/gnu_cs/arm/4.8.4/bin/../lib/gcc/arm-none-eabi/4.8.4/../../../../arm-none-eabi/lib/armv6-m\libg_s.a(lib_a-memset.o)
                              c:/program files (x86)/cypress/psoc creator/3.1/psoc creator/import/gnu_cs/arm/4.8.4/bin/../lib/gcc/arm-none-eabi/4.8.4/../../../../arm-none-eabi/lib/armv6-m/crt0.o (memset)

Allocating common symbols
Common symbol       size              file

interruptCnt        0x1               .\CortexM0\ARM_GCC_484\Debug\main.o

Discarded input sections

 .text          0x00000000        0x0 c:/program files (x86)/cypress/psoc creator/3.1/psoc creator/import/gnu_cs/arm/4.8.4/bin/../lib/gcc/arm-none-eabi/4.8.4/armv6-m/crti.o
 .data          0x00000000        0x0 c:/program files (x86)/cypress/psoc creator/3.1/psoc creator/import/gnu_cs/arm/4.8.4/bin/../lib/gcc/arm-none-eabi/4.8.4/armv6-m/crti.o
 .bss           0x00000000        0x0 c:/program files (x86)/cypress/psoc creator/3.1/psoc creator/import/gnu_cs/arm/4.8.4/bin/../lib/gcc/arm-none-eabi/4.8.4/armv6-m/crti.o
 .data          0x00000000        0x4 c:/program files (x86)/cypress/psoc creator/3.1/psoc creator/import/gnu_cs/arm/4.8.4/bin/../lib/gcc/arm-none-eabi/4.8.4/armv6-m/crtbegin.o
 .text          0x00000000       0x78 c:/program files (x86)/cypress/psoc creator/3.1/psoc creator/import/gnu_cs/arm/4.8.4/bin/../lib/gcc/arm-none-eabi/4.8.4/../../../../arm-none-eabi/lib/armv6-m/crt0.o
 .data          0x00000000        0x0 c:/program files (x86)/cypress/psoc creator/3.1/psoc creator/import/gnu_cs/arm/4.8.4/bin/../lib/gcc/arm-none-eabi/4.8.4/../../../../arm-none-eabi/lib/armv6-m/crt0.o
 .bss           0x00000000        0x0 c:/program files (x86)/cypress/psoc creator/3.1/psoc creator/import/gnu_cs/arm/4.8.4/bin/../lib/gcc/arm-none-eabi/4.8.4/../../../../arm-none-eabi/lib/armv6-m/crt0.o
 .ARM.extab     0x00000000        0x0 c:/program files (x86)/cypress/psoc creator/3.1/psoc creator/import/gnu_cs/arm/4.8.4/bin/../lib/gcc/arm-none-eabi/4.8.4/../../../../arm-none-eabi/lib/armv6-m/crt0.o
 .ARM.exidx     0x00000000        0x8 c:/program files (x86)/cypress/psoc creator/3.1/psoc creator/import/gnu_cs/arm/4.8.4/bin/../lib/gcc/arm-none-eabi/4.8.4/../../../../arm-none-eabi/lib/armv6-m/crt0.o
 .text          0x00000000        0x0 .\CortexM0\ARM_GCC_484\Debug\main.o
 .data          0x00000000        0x0 .\CortexM0\ARM_GCC_484\Debug\main.o
 .bss           0x00000000        0x0 .\CortexM0\ARM_GCC_484\Debug\main.o
 .text          0x00000000        0x0 .\CortexM0\ARM_GCC_484\Debug\cybootloader.o
 .data          0x00000000        0x0 .\CortexM0\ARM_GCC_484\Debug\cybootloader.o
 .bss           0x00000000        0x0 .\CortexM0\ARM_GCC_484\Debug\cybootloader.o
 .text          0x00000000        0x0 .\CortexM0\ARM_GCC_484\Debug\cymetadata.o
 .data          0x00000000        0x0 .\CortexM0\ARM_GCC_484\Debug\cymetadata.o
 .bss           0x00000000        0x0 .\CortexM0\ARM_GCC_484\Debug\cymetadata.o
 .text          0x00000000        0x0 .\CortexM0\ARM_GCC_484\Debug\Cm0Start.o
 .data          0x00000000        0x4 .\CortexM0\ARM_GCC_484\Debug\Cm0Start.o
 .bss           0x00000000        0x0 .\CortexM0\ARM_GCC_484\Debug\Cm0Start.o
 .text._exit    0x00000000       0x28 .\CortexM0\ARM_GCC_484\Debug\Cm0Start.o
 .text._sbrk    0x00000000       0x50 .\CortexM0\ARM_GCC_484\Debug\Cm0Start.o
 .text          0x00000000        0x0 .\CortexM0\ARM_GCC_484\Debug\SerialTest.a(cyfitter_cfg.o)
 .bss           0x00000000        0x0 .\CortexM0\ARM_GCC_484\Debug\SerialTest.a(cyfitter_cfg.o)
 .text.CYCONFIGCPY
                0x00000000       0x24 .\CortexM0\ARM_GCC_484\Debug\SerialTest.a(cyfitter_cfg.o)
 .text.CYCONFIGCPYCODE
                0x00000000       0x24 .\CortexM0\ARM_GCC_484\Debug\SerialTest.a(cyfitter_cfg.o)
 .text          0x00000000        0x0 .\CortexM0\ARM_GCC_484\Debug\SerialTest.a(UART.o)
 .data          0x00000000        0x0 .\CortexM0\ARM_GCC_484\Debug\SerialTest.a(UART.o)
 .text.UART_Stop
                0x00000000       0x1c .\CortexM0\ARM_GCC_484\Debug\SerialTest.a(UART.o)
 .text.UART_SetRxFifoLevel
                0x00000000       0x34 .\CortexM0\ARM_GCC_484\Debug\SerialTest.a(UART.o)
 .text.UART_SetTxFifoLevel
                0x00000000       0x34 .\CortexM0\ARM_GCC_484\Debug\SerialTest.a(UART.o)
 .text.UART_SetCustomInterruptHandler
                0x00000000       0x18 .\CortexM0\ARM_GCC_484\Debug\SerialTest.a(UART.o)
 .text.UART_ScbModeStop
                0x00000000        0x8 .\CortexM0\ARM_GCC_484\Debug\SerialTest.a(UART.o)
 .text.UART_I2CSlaveNackGeneration
                0x00000000       0x50 .\CortexM0\ARM_GCC_484\Debug\SerialTest.a(UART.o)
 .text          0x00000000        0x0 .\CortexM0\ARM_GCC_484\Debug\SerialTest.a(UART_SPI_UART.o)
 .data          0x00000000        0x0 .\CortexM0\ARM_GCC_484\Debug\SerialTest.a(UART_SPI_UART.o)
 .bss           0x00000000        0x0 .\CortexM0\ARM_GCC_484\Debug\SerialTest.a(UART_SPI_UART.o)
 .text.UART_SpiUartClearRxBuffer
                0x00000000       0x2c .\CortexM0\ARM_GCC_484\Debug\SerialTest.a(UART_SPI_UART.o)
 .text.UART_SpiUartPutArray
                0x00000000       0x34 .\CortexM0\ARM_GCC_484\Debug\SerialTest.a(UART_SPI_UART.o)
 .text.UART_SpiUartGetTxBufferSize
                0x00000000       0x20 .\CortexM0\ARM_GCC_484\Debug\SerialTest.a(UART_SPI_UART.o)
 .text.UART_SpiUartClearTxBuffer
                0x00000000       0x2c .\CortexM0\ARM_GCC_484\Debug\SerialTest.a(UART_SPI_UART.o)
 .text.UART_SpiUartDisableIntRx
                0x00000000       0x20 .\CortexM0\ARM_GCC_484\Debug\SerialTest.a(UART_SPI_UART.o)
 .text.UART_SpiUartDisableIntTx
                0x00000000       0x20 .\CortexM0\ARM_GCC_484\Debug\SerialTest.a(UART_SPI_UART.o)
 .text          0x00000000        0x0 .\CortexM0\ARM_GCC_484\Debug\SerialTest.a(UART_UART.o)
 .data          0x00000000        0x0 .\CortexM0\ARM_GCC_484\Debug\SerialTest.a(UART_UART.o)
 .bss           0x00000000        0x0 .\CortexM0\ARM_GCC_484\Debug\SerialTest.a(UART_UART.o)
 .text.UART_UartSetRxAddress
                0x00000000       0x34 .\CortexM0\ARM_GCC_484\Debug\SerialTest.a(UART_UART.o)
 .text.UART_UartSetRxAddressMask
                0x00000000       0x34 .\CortexM0\ARM_GCC_484\Debug\SerialTest.a(UART_UART.o)
 .text.UART_UartGetByte
                0x00000000       0x68 .\CortexM0\ARM_GCC_484\Debug\SerialTest.a(UART_UART.o)
 .text.UART_UartPutCRLF
                0x00000000       0x24 .\CortexM0\ARM_GCC_484\Debug\SerialTest.a(UART_UART.o)
 .data          0x00000000        0x0 .\CortexM0\ARM_GCC_484\Debug\SerialTest.a(CyBootAsmGnu.o)
 .bss           0x00000000        0x0 .\CortexM0\ARM_GCC_484\Debug\SerialTest.a(CyBootAsmGnu.o)
 .text          0x00000000        0x0 .\CortexM0\ARM_GCC_484\Debug\SerialTest.a(CyLib.o)
 .bss           0x00000000       0x24 .\CortexM0\ARM_GCC_484\Debug\SerialTest.a(CyLib.o)
 .rodata        0x00000000       0x30 .\CortexM0\ARM_GCC_484\Debug\SerialTest.a(CyLib.o)
 .text.CySysClkImoStart
                0x00000000       0x1c .\CortexM0\ARM_GCC_484\Debug\SerialTest.a(CyLib.o)
 .text.CySysClkImoStop
                0x00000000       0x18 .\CortexM0\ARM_GCC_484\Debug\SerialTest.a(CyLib.o)
 .text.CySysClkIloStart
                0x00000000       0x1c .\CortexM0\ARM_GCC_484\Debug\SerialTest.a(CyLib.o)
 .text.CySysClkIloStop
                0x00000000       0x4c .\CortexM0\ARM_GCC_484\Debug\SerialTest.a(CyLib.o)
 .text.CySysClkIloEnabled
                0x00000000       0x1c .\CortexM0\ARM_GCC_484\Debug\SerialTest.a(CyLib.o)
 .text.CySysClkWriteHfclkDirect
                0x00000000       0x44 .\CortexM0\ARM_GCC_484\Debug\SerialTest.a(CyLib.o)
 .text.CySysClkWriteSysclkDiv
                0x00000000       0x44 .\CortexM0\ARM_GCC_484\Debug\SerialTest.a(CyLib.o)
 .text.CySysClkWriteImoFreq
                0x00000000      0x1e0 .\CortexM0\ARM_GCC_484\Debug\SerialTest.a(CyLib.o)
 .text.CySysWdtLock
                0x00000000       0x34 .\CortexM0\ARM_GCC_484\Debug\SerialTest.a(CyLib.o)
 .text.CySysWdtLocked
                0x00000000       0x20 .\CortexM0\ARM_GCC_484\Debug\SerialTest.a(CyLib.o)
 .text.CySysWdtUnlock
                0x00000000       0x4c .\CortexM0\ARM_GCC_484\Debug\SerialTest.a(CyLib.o)
 .text.CySysWdtReadEnabledStatus
                0x00000000       0x30 .\CortexM0\ARM_GCC_484\Debug\SerialTest.a(CyLib.o)
 .text.CySysWdtWriteMode
                0x00000000       0x60 .\CortexM0\ARM_GCC_484\Debug\SerialTest.a(CyLib.o)
 .text.CySysWdtReadMode
                0x00000000       0x24 .\CortexM0\ARM_GCC_484\Debug\SerialTest.a(CyLib.o)
 .text.CySysWdtWriteClearOnMatch
                0x00000000       0x70 .\CortexM0\ARM_GCC_484\Debug\SerialTest.a(CyLib.o)
 .text.CySysWdtReadClearOnMatch
                0x00000000       0x40 .\CortexM0\ARM_GCC_484\Debug\SerialTest.a(CyLib.o)
 .text.CySysWdtEnable
                0x00000000       0x68 .\CortexM0\ARM_GCC_484\Debug\SerialTest.a(CyLib.o)
 .text.CySysWdtDisable
                0x00000000       0x68 .\CortexM0\ARM_GCC_484\Debug\SerialTest.a(CyLib.o)
 .text.CySysWdtWriteCascade
                0x00000000       0x58 .\CortexM0\ARM_GCC_484\Debug\SerialTest.a(CyLib.o)
 .text.CySysWdtReadCascade
                0x00000000       0x1c .\CortexM0\ARM_GCC_484\Debug\SerialTest.a(CyLib.o)
 .text.CySysWdtWriteMatch
                0x00000000       0x6c .\CortexM0\ARM_GCC_484\Debug\SerialTest.a(CyLib.o)
 .text.CySysWdtWriteToggleBit
                0x00000000       0x44 .\CortexM0\ARM_GCC_484\Debug\SerialTest.a(CyLib.o)
 .text.CySysWdtReadToggleBit
                0x00000000       0x18 .\CortexM0\ARM_GCC_484\Debug\SerialTest.a(CyLib.o)
 .text.CySysWdtReadMatch
                0x00000000       0x44 .\CortexM0\ARM_GCC_484\Debug\SerialTest.a(CyLib.o)
 .text.CySysWdtReadCount
                0x00000000       0x54 .\CortexM0\ARM_GCC_484\Debug\SerialTest.a(CyLib.o)
 .text.CySysWdtGetInterruptSource
                0x00000000       0x1c .\CortexM0\ARM_GCC_484\Debug\SerialTest.a(CyLib.o)
 .text.CySysWdtClearInterrupt
                0x00000000       0x6c .\CortexM0\ARM_GCC_484\Debug\SerialTest.a(CyLib.o)
 .text.CySysWdtResetCounters
                0x00000000       0x28 .\CortexM0\ARM_GCC_484\Debug\SerialTest.a(CyLib.o)
 .text.CySysClkLfclkPosedgeCatch
                0x00000000       0x9c .\CortexM0\ARM_GCC_484\Debug\SerialTest.a(CyLib.o)
 .text.CySysClkLfclkPosedgeRestore
                0x00000000       0x3c .\CortexM0\ARM_GCC_484\Debug\SerialTest.a(CyLib.o)
 .text.CySysLvdEnable
                0x00000000       0x48 .\CortexM0\ARM_GCC_484\Debug\SerialTest.a(CyLib.o)
 .text.CySysLvdDisable
                0x00000000       0x28 .\CortexM0\ARM_GCC_484\Debug\SerialTest.a(CyLib.o)
 .text.CySysLvdGetInterruptSource
                0x00000000       0x18 .\CortexM0\ARM_GCC_484\Debug\SerialTest.a(CyLib.o)
 .text.CySysLvdClearInterrupt
                0x00000000       0x14 .\CortexM0\ARM_GCC_484\Debug\SerialTest.a(CyLib.o)
 .text.CySysGetResetReason
                0x00000000       0x30 .\CortexM0\ARM_GCC_484\Debug\SerialTest.a(CyLib.o)
 .text.CyDisableInts
                0x00000000       0x24 .\CortexM0\ARM_GCC_484\Debug\SerialTest.a(CyLib.o)
 .text.CyEnableInts
                0x00000000       0x18 .\CortexM0\ARM_GCC_484\Debug\SerialTest.a(CyLib.o)
 .text.CyIntSetSysVector
                0x00000000       0x48 .\CortexM0\ARM_GCC_484\Debug\SerialTest.a(CyLib.o)
 .text.CyIntGetSysVector
                0x00000000       0x34 .\CortexM0\ARM_GCC_484\Debug\SerialTest.a(CyLib.o)
 .text.CyIntSetVector
                0x00000000       0x4c .\CortexM0\ARM_GCC_484\Debug\SerialTest.a(CyLib.o)
 .text.CyIntGetVector
                0x00000000       0x38 .\CortexM0\ARM_GCC_484\Debug\SerialTest.a(CyLib.o)
 .text.CyIntSetPriority
                0x00000000       0xa8 .\CortexM0\ARM_GCC_484\Debug\SerialTest.a(CyLib.o)
 .text.CyIntGetPriority
                0x00000000       0x58 .\CortexM0\ARM_GCC_484\Debug\SerialTest.a(CyLib.o)
 .text.CyIntEnable
                0x00000000       0x2c .\CortexM0\ARM_GCC_484\Debug\SerialTest.a(CyLib.o)
 .text.CyIntGetState
                0x00000000       0x34 .\CortexM0\ARM_GCC_484\Debug\SerialTest.a(CyLib.o)
 .text.CyIntDisable
                0x00000000       0x2c .\CortexM0\ARM_GCC_484\Debug\SerialTest.a(CyLib.o)
 .text.CyIntSetPending
                0x00000000       0x2c .\CortexM0\ARM_GCC_484\Debug\SerialTest.a(CyLib.o)
 .text.CyIntClearPending
                0x00000000       0x2c .\CortexM0\ARM_GCC_484\Debug\SerialTest.a(CyLib.o)
 .text.CyHalt   0x00000000       0x14 .\CortexM0\ARM_GCC_484\Debug\SerialTest.a(CyLib.o)
 .text.CySoftwareReset
                0x00000000       0x20 .\CortexM0\ARM_GCC_484\Debug\SerialTest.a(CyLib.o)
 .text.CyDelayFreq
                0x00000000       0x80 .\CortexM0\ARM_GCC_484\Debug\SerialTest.a(CyLib.o)
 .text.CySysTickStart
                0x00000000       0x24 .\CortexM0\ARM_GCC_484\Debug\SerialTest.a(CyLib.o)
 .text.CySysTickInit
                0x00000000       0x60 .\CortexM0\ARM_GCC_484\Debug\SerialTest.a(CyLib.o)
 .text.CySysTickEnable
                0x00000000       0x1c .\CortexM0\ARM_GCC_484\Debug\SerialTest.a(CyLib.o)
 .text.CySysTickStop
                0x00000000       0x18 .\CortexM0\ARM_GCC_484\Debug\SerialTest.a(CyLib.o)
 .text.CySysTickEnableInterrupt
                0x00000000       0x18 .\CortexM0\ARM_GCC_484\Debug\SerialTest.a(CyLib.o)
 .text.CySysTickDisableInterrupt
                0x00000000       0x18 .\CortexM0\ARM_GCC_484\Debug\SerialTest.a(CyLib.o)
 .text.CySysTickSetReload
                0x00000000       0x1c .\CortexM0\ARM_GCC_484\Debug\SerialTest.a(CyLib.o)
 .text.CySysTickGetReload
                0x00000000       0x18 .\CortexM0\ARM_GCC_484\Debug\SerialTest.a(CyLib.o)
 .text.CySysTickGetValue
                0x00000000       0x1c .\CortexM0\ARM_GCC_484\Debug\SerialTest.a(CyLib.o)
 .text.CySysTickGetCountFlag
                0x00000000       0x18 .\CortexM0\ARM_GCC_484\Debug\SerialTest.a(CyLib.o)
 .text.CySysTickClear
                0x00000000       0x14 .\CortexM0\ARM_GCC_484\Debug\SerialTest.a(CyLib.o)
 .text.CySysTickSetCallback
                0x00000000       0x2c .\CortexM0\ARM_GCC_484\Debug\SerialTest.a(CyLib.o)
 .text.CySysTickGetCallback
                0x00000000       0x1c .\CortexM0\ARM_GCC_484\Debug\SerialTest.a(CyLib.o)
 .text.CySysTickServiceCallbacks
                0x00000000       0x44 .\CortexM0\ARM_GCC_484\Debug\SerialTest.a(CyLib.o)
 .text          0x00000000        0x0 .\CortexM0\ARM_GCC_484\Debug\SerialTest.a(Counter_1.o)
 .data          0x00000000        0x0 .\CortexM0\ARM_GCC_484\Debug\SerialTest.a(Counter_1.o)
 .text.Counter_1_Stop
                0x00000000       0x1c .\CortexM0\ARM_GCC_484\Debug\SerialTest.a(Counter_1.o)
 .text.Counter_1_ReadControlRegister
                0x00000000       0x14 .\CortexM0\ARM_GCC_484\Debug\SerialTest.a(Counter_1.o)
 .text.Counter_1_WriteControlRegister
                0x00000000       0x20 .\CortexM0\ARM_GCC_484\Debug\SerialTest.a(Counter_1.o)
 .text.Counter_1_ReadPeriod
                0x00000000       0x14 .\CortexM0\ARM_GCC_484\Debug\SerialTest.a(Counter_1.o)
 .text.Counter_1_ReadCompare
                0x00000000       0x14 .\CortexM0\ARM_GCC_484\Debug\SerialTest.a(Counter_1.o)
 .text          0x00000000        0x0 .\CortexM0\ARM_GCC_484\Debug\SerialTest.a(CounterISR.o)
 .data          0x00000000        0x0 .\CortexM0\ARM_GCC_484\Debug\SerialTest.a(CounterISR.o)
 .bss           0x00000000        0x0 .\CortexM0\ARM_GCC_484\Debug\SerialTest.a(CounterISR.o)
 .text.CounterISR_Start
                0x00000000       0x24 .\CortexM0\ARM_GCC_484\Debug\SerialTest.a(CounterISR.o)
 .text.CounterISR_Stop
                0x00000000       0x18 .\CortexM0\ARM_GCC_484\Debug\SerialTest.a(CounterISR.o)
 .text.CounterISR_Interrupt
                0x00000000        0x8 .\CortexM0\ARM_GCC_484\Debug\SerialTest.a(CounterISR.o)
 .text.CounterISR_GetVector
                0x00000000       0x14 .\CortexM0\ARM_GCC_484\Debug\SerialTest.a(CounterISR.o)
 .text.CounterISR_GetPriority
                0x00000000       0x2c .\CortexM0\ARM_GCC_484\Debug\SerialTest.a(CounterISR.o)
 .text.CounterISR_GetState
                0x00000000       0x1c .\CortexM0\ARM_GCC_484\Debug\SerialTest.a(CounterISR.o)
 .text.CounterISR_SetPending
                0x00000000       0x14 .\CortexM0\ARM_GCC_484\Debug\SerialTest.a(CounterISR.o)
 .text.CounterISR_ClearPending
                0x00000000       0x14 .\CortexM0\ARM_GCC_484\Debug\SerialTest.a(CounterISR.o)
 .text          0x00000000       0x9c c:/program files (x86)/cypress/psoc creator/3.1/psoc creator/import/gnu_cs/arm/4.8.4/bin/../lib/gcc/arm-none-eabi/4.8.4/armv6-m\libgcc.a(_udivsi3.o)
 .data          0x00000000        0x0 c:/program files (x86)/cypress/psoc creator/3.1/psoc creator/import/gnu_cs/arm/4.8.4/bin/../lib/gcc/arm-none-eabi/4.8.4/armv6-m\libgcc.a(_udivsi3.o)
 .bss           0x00000000        0x0 c:/program files (x86)/cypress/psoc creator/3.1/psoc creator/import/gnu_cs/arm/4.8.4/bin/../lib/gcc/arm-none-eabi/4.8.4/armv6-m\libgcc.a(_udivsi3.o)
 .text          0x00000000       0xc0 c:/program files (x86)/cypress/psoc creator/3.1/psoc creator/import/gnu_cs/arm/4.8.4/bin/../lib/gcc/arm-none-eabi/4.8.4/armv6-m\libgcc.a(_divsi3.o)
 .data          0x00000000        0x0 c:/program files (x86)/cypress/psoc creator/3.1/psoc creator/import/gnu_cs/arm/4.8.4/bin/../lib/gcc/arm-none-eabi/4.8.4/armv6-m\libgcc.a(_divsi3.o)
 .bss           0x00000000        0x0 c:/program files (x86)/cypress/psoc creator/3.1/psoc creator/import/gnu_cs/arm/4.8.4/bin/../lib/gcc/arm-none-eabi/4.8.4/armv6-m\libgcc.a(_divsi3.o)
 .text          0x00000000        0x4 c:/program files (x86)/cypress/psoc creator/3.1/psoc creator/import/gnu_cs/arm/4.8.4/bin/../lib/gcc/arm-none-eabi/4.8.4/armv6-m\libgcc.a(_dvmd_tls.o)
 .data          0x00000000        0x0 c:/program files (x86)/cypress/psoc creator/3.1/psoc creator/import/gnu_cs/arm/4.8.4/bin/../lib/gcc/arm-none-eabi/4.8.4/armv6-m\libgcc.a(_dvmd_tls.o)
 .bss           0x00000000        0x0 c:/program files (x86)/cypress/psoc creator/3.1/psoc creator/import/gnu_cs/arm/4.8.4/bin/../lib/gcc/arm-none-eabi/4.8.4/armv6-m\libgcc.a(_dvmd_tls.o)
 .text          0x00000000        0x0 c:/program files (x86)/cypress/psoc creator/3.1/psoc creator/import/gnu_cs/arm/4.8.4/bin/../lib/gcc/arm-none-eabi/4.8.4/../../../../arm-none-eabi/lib/armv6-m\libg_s.a(lib_a-errno.o)
 .data          0x00000000        0x0 c:/program files (x86)/cypress/psoc creator/3.1/psoc creator/import/gnu_cs/arm/4.8.4/bin/../lib/gcc/arm-none-eabi/4.8.4/../../../../arm-none-eabi/lib/armv6-m\libg_s.a(lib_a-errno.o)
 .bss           0x00000000        0x0 c:/program files (x86)/cypress/psoc creator/3.1/psoc creator/import/gnu_cs/arm/4.8.4/bin/../lib/gcc/arm-none-eabi/4.8.4/../../../../arm-none-eabi/lib/armv6-m\libg_s.a(lib_a-errno.o)
 .text.__errno  0x00000000        0xc c:/program files (x86)/cypress/psoc creator/3.1/psoc creator/import/gnu_cs/arm/4.8.4/bin/../lib/gcc/arm-none-eabi/4.8.4/../../../../arm-none-eabi/lib/armv6-m\libg_s.a(lib_a-errno.o)
 .text          0x00000000        0x0 c:/program files (x86)/cypress/psoc creator/3.1/psoc creator/import/gnu_cs/arm/4.8.4/bin/../lib/gcc/arm-none-eabi/4.8.4/../../../../arm-none-eabi/lib/armv6-m\libg_s.a(lib_a-exit.o)
 .data          0x00000000        0x0 c:/program files (x86)/cypress/psoc creator/3.1/psoc creator/import/gnu_cs/arm/4.8.4/bin/../lib/gcc/arm-none-eabi/4.8.4/../../../../arm-none-eabi/lib/armv6-m\libg_s.a(lib_a-exit.o)
 .bss           0x00000000        0x0 c:/program files (x86)/cypress/psoc creator/3.1/psoc creator/import/gnu_cs/arm/4.8.4/bin/../lib/gcc/arm-none-eabi/4.8.4/../../../../arm-none-eabi/lib/armv6-m\libg_s.a(lib_a-exit.o)
 .text.exit     0x00000000       0x2c c:/program files (x86)/cypress/psoc creator/3.1/psoc creator/import/gnu_cs/arm/4.8.4/bin/../lib/gcc/arm-none-eabi/4.8.4/../../../../arm-none-eabi/lib/armv6-m\libg_s.a(lib_a-exit.o)
 .text          0x00000000        0x0 c:/program files (x86)/cypress/psoc creator/3.1/psoc creator/import/gnu_cs/arm/4.8.4/bin/../lib/gcc/arm-none-eabi/4.8.4/../../../../arm-none-eabi/lib/armv6-m\libg_s.a(lib_a-impure.o)
 .data          0x00000000        0x0 c:/program files (x86)/cypress/psoc creator/3.1/psoc creator/import/gnu_cs/arm/4.8.4/bin/../lib/gcc/arm-none-eabi/4.8.4/../../../../arm-none-eabi/lib/armv6-m\libg_s.a(lib_a-impure.o)
 .bss           0x00000000        0x0 c:/program files (x86)/cypress/psoc creator/3.1/psoc creator/import/gnu_cs/arm/4.8.4/bin/../lib/gcc/arm-none-eabi/4.8.4/../../../../arm-none-eabi/lib/armv6-m\libg_s.a(lib_a-impure.o)
 .data.impure_data
                0x00000000       0x60 c:/program files (x86)/cypress/psoc creator/3.1/psoc creator/import/gnu_cs/arm/4.8.4/bin/../lib/gcc/arm-none-eabi/4.8.4/../../../../arm-none-eabi/lib/armv6-m\libg_s.a(lib_a-impure.o)
 .data._impure_ptr
                0x00000000        0x4 c:/program files (x86)/cypress/psoc creator/3.1/psoc creator/import/gnu_cs/arm/4.8.4/bin/../lib/gcc/arm-none-eabi/4.8.4/../../../../arm-none-eabi/lib/armv6-m\libg_s.a(lib_a-impure.o)
 .rodata.str1.1
                0x00000000        0x2 c:/program files (x86)/cypress/psoc creator/3.1/psoc creator/import/gnu_cs/arm/4.8.4/bin/../lib/gcc/arm-none-eabi/4.8.4/../../../../arm-none-eabi/lib/armv6-m\libg_s.a(lib_a-impure.o)
 .rodata._global_impure_ptr
                0x00000000        0x4 c:/program files (x86)/cypress/psoc creator/3.1/psoc creator/import/gnu_cs/arm/4.8.4/bin/../lib/gcc/arm-none-eabi/4.8.4/../../../../arm-none-eabi/lib/armv6-m\libg_s.a(lib_a-impure.o)
 .text          0x00000000        0x0 c:/program files (x86)/cypress/psoc creator/3.1/psoc creator/import/gnu_cs/arm/4.8.4/bin/../lib/gcc/arm-none-eabi/4.8.4/../../../../arm-none-eabi/lib/armv6-m\libg_s.a(lib_a-init.o)
 .data          0x00000000        0x0 c:/program files (x86)/cypress/psoc creator/3.1/psoc creator/import/gnu_cs/arm/4.8.4/bin/../lib/gcc/arm-none-eabi/4.8.4/../../../../arm-none-eabi/lib/armv6-m\libg_s.a(lib_a-init.o)
 .bss           0x00000000        0x0 c:/program files (x86)/cypress/psoc creator/3.1/psoc creator/import/gnu_cs/arm/4.8.4/bin/../lib/gcc/arm-none-eabi/4.8.4/../../../../arm-none-eabi/lib/armv6-m\libg_s.a(lib_a-init.o)
 .text          0x00000000        0x0 c:/program files (x86)/cypress/psoc creator/3.1/psoc creator/import/gnu_cs/arm/4.8.4/bin/../lib/gcc/arm-none-eabi/4.8.4/../../../../arm-none-eabi/lib/armv6-m\libg_s.a(lib_a-memcpy-stub.o)
 .data          0x00000000        0x0 c:/program files (x86)/cypress/psoc creator/3.1/psoc creator/import/gnu_cs/arm/4.8.4/bin/../lib/gcc/arm-none-eabi/4.8.4/../../../../arm-none-eabi/lib/armv6-m\libg_s.a(lib_a-memcpy-stub.o)
 .bss           0x00000000        0x0 c:/program files (x86)/cypress/psoc creator/3.1/psoc creator/import/gnu_cs/arm/4.8.4/bin/../lib/gcc/arm-none-eabi/4.8.4/../../../../arm-none-eabi/lib/armv6-m\libg_s.a(lib_a-memcpy-stub.o)
 .text.memcpy   0x00000000       0x12 c:/program files (x86)/cypress/psoc creator/3.1/psoc creator/import/gnu_cs/arm/4.8.4/bin/../lib/gcc/arm-none-eabi/4.8.4/../../../../arm-none-eabi/lib/armv6-m\libg_s.a(lib_a-memcpy-stub.o)
 .text          0x00000000        0x0 c:/program files (x86)/cypress/psoc creator/3.1/psoc creator/import/gnu_cs/arm/4.8.4/bin/../lib/gcc/arm-none-eabi/4.8.4/../../../../arm-none-eabi/lib/armv6-m\libg_s.a(lib_a-memset.o)
 .data          0x00000000        0x0 c:/program files (x86)/cypress/psoc creator/3.1/psoc creator/import/gnu_cs/arm/4.8.4/bin/../lib/gcc/arm-none-eabi/4.8.4/../../../../arm-none-eabi/lib/armv6-m\libg_s.a(lib_a-memset.o)
 .bss           0x00000000        0x0 c:/program files (x86)/cypress/psoc creator/3.1/psoc creator/import/gnu_cs/arm/4.8.4/bin/../lib/gcc/arm-none-eabi/4.8.4/../../../../arm-none-eabi/lib/armv6-m\libg_s.a(lib_a-memset.o)
 .text          0x00000000        0x0 c:/program files (x86)/cypress/psoc creator/3.1/psoc creator/import/gnu_cs/arm/4.8.4/bin/../lib/gcc/arm-none-eabi/4.8.4/armv6-m/crtend.o
 .data          0x00000000        0x0 c:/program files (x86)/cypress/psoc creator/3.1/psoc creator/import/gnu_cs/arm/4.8.4/bin/../lib/gcc/arm-none-eabi/4.8.4/armv6-m/crtend.o
 .bss           0x00000000        0x0 c:/program files (x86)/cypress/psoc creator/3.1/psoc creator/import/gnu_cs/arm/4.8.4/bin/../lib/gcc/arm-none-eabi/4.8.4/armv6-m/crtend.o
 .text          0x00000000        0x0 c:/program files (x86)/cypress/psoc creator/3.1/psoc creator/import/gnu_cs/arm/4.8.4/bin/../lib/gcc/arm-none-eabi/4.8.4/armv6-m/crtn.o
 .data          0x00000000        0x0 c:/program files (x86)/cypress/psoc creator/3.1/psoc creator/import/gnu_cs/arm/4.8.4/bin/../lib/gcc/arm-none-eabi/4.8.4/armv6-m/crtn.o
 .bss           0x00000000        0x0 c:/program files (x86)/cypress/psoc creator/3.1/psoc creator/import/gnu_cs/arm/4.8.4/bin/../lib/gcc/arm-none-eabi/4.8.4/armv6-m/crtn.o

Memory Configuration

Name             Origin             Length             Attributes
rom              0x00000000         0x00008000         xr
ram              0x20000000         0x00001000         xrw
*default*        0x00000000         0xffffffff

Linker script and memory map

LOAD c:/program files (x86)/cypress/psoc creator/3.1/psoc creator/import/gnu_cs/arm/4.8.4/bin/../lib/gcc/arm-none-eabi/4.8.4/armv6-m/crti.o
LOAD c:/program files (x86)/cypress/psoc creator/3.1/psoc creator/import/gnu_cs/arm/4.8.4/bin/../lib/gcc/arm-none-eabi/4.8.4/armv6-m/crtbegin.o
LOAD c:/program files (x86)/cypress/psoc creator/3.1/psoc creator/import/gnu_cs/arm/4.8.4/bin/../lib/gcc/arm-none-eabi/4.8.4/../../../../arm-none-eabi/lib/armv6-m/crt0.o
START GROUP
LOAD .\CortexM0\ARM_GCC_484\Debug\main.o
LOAD .\CortexM0\ARM_GCC_484\Debug\cybootloader.o
LOAD .\CortexM0\ARM_GCC_484\Debug\cymetadata.o
LOAD .\CortexM0\ARM_GCC_484\Debug\Cm0Start.o
LOAD .\CortexM0\ARM_GCC_484\Debug\SerialTest.a
LOAD C:\Program Files (x86)\Cypress\PSoC Creator\3.1\PSoC Creator\psoc\content\cycomponentlibrary\CyComponentLibrary.cylib\CortexM0\ARM_GCC_484\Debug\CyComponentLibrary.a
END GROUP
START GROUP
LOAD c:/program files (x86)/cypress/psoc creator/3.1/psoc creator/import/gnu_cs/arm/4.8.4/bin/../lib/gcc/arm-none-eabi/4.8.4/armv6-m\libgcc.a
LOAD c:/program files (x86)/cypress/psoc creator/3.1/psoc creator/import/gnu_cs/arm/4.8.4/bin/../lib/gcc/arm-none-eabi/4.8.4/../../../../arm-none-eabi/lib/armv6-m\libg_s.a
LOAD c:/program files (x86)/cypress/psoc creator/3.1/psoc creator/import/gnu_cs/arm/4.8.4/bin/../lib/gcc/arm-none-eabi/4.8.4/../../../../arm-none-eabi/lib/armv6-m\libc_s.a
END GROUP
START GROUP
LOAD c:/program files (x86)/cypress/psoc creator/3.1/psoc creator/import/gnu_cs/arm/4.8.4/bin/../lib/gcc/arm-none-eabi/4.8.4/armv6-m\libgcc.a
LOAD c:/program files (x86)/cypress/psoc creator/3.1/psoc creator/import/gnu_cs/arm/4.8.4/bin/../lib/gcc/arm-none-eabi/4.8.4/../../../../arm-none-eabi/lib/armv6-m\libc_s.a
END GROUP
LOAD c:/program files (x86)/cypress/psoc creator/3.1/psoc creator/import/gnu_cs/arm/4.8.4/bin/../lib/gcc/arm-none-eabi/4.8.4/armv6-m/crtend.o
LOAD c:/program files (x86)/cypress/psoc creator/3.1/psoc creator/import/gnu_cs/arm/4.8.4/bin/../lib/gcc/arm-none-eabi/4.8.4/armv6-m/crtn.o
START GROUP
LOAD c:/program files (x86)/cypress/psoc creator/3.1/psoc creator/import/gnu_cs/arm/4.8.4/bin/../lib/gcc/arm-none-eabi/4.8.4/armv6-m\libgcc.a
LOAD c:/program files (x86)/cypress/psoc creator/3.1/psoc creator/import/gnu_cs/arm/4.8.4/bin/../lib/gcc/arm-none-eabi/4.8.4/../../../../arm-none-eabi/lib/armv6-m\libc.a
LOAD c:/program files (x86)/cypress/psoc creator/3.1/psoc creator/import/gnu_cs/arm/4.8.4/bin/../lib/gcc/arm-none-eabi/4.8.4/../../../../arm-none-eabi/lib/armv6-m\libnosys.a
END GROUP
                0x00000000                CY_APPL_ORIGIN = 0x0
                0x00000080                CY_FLASH_ROW_SIZE = 0x80
                0x00000001                CY_APPL_NUM = 0x1
                0x00000040                CY_METADATA_SIZE = 0x40
                0x20000110                PROVIDE (__cy_heap_start, _end)
                0x00000001                PROVIDE (__cy_region_num, ((__cy_regions_end - __cy_regions) / 0x10))
                0x20001000                PROVIDE (__cy_stack, (ORIGIN (ram) + 0x1000))
                0x20000c00                PROVIDE (__cy_heap_end, (__cy_stack - 0x400))

.cybootloader   0x00000000     0x2380
 *(.cybootloader)
 .cybootloader  0x00000000     0x2380 .\CortexM0\ARM_GCC_484\Debug\cybootloader.o
                0x00000000                cy_bootloader
                0x00002380                appl1_start = CY_APPL_ORIGIN?CY_APPL_ORIGIN:ALIGN (CY_FLASH_ROW_SIZE)
                0x00005180                appl2_start = (appl1_start + ALIGN ((((0x8000 - appl1_start) - (0x2 * CY_FLASH_ROW_SIZE)) / 0x2), CY_FLASH_ROW_SIZE))
                0x00002380                appl_start = (CY_APPL_NUM == 0x1)?appl1_start:appl2_start

.text           0x00002380      0xa90
 CREATE_OBJECT_SYMBOLS
                0x00002380                PROVIDE (__cy_interrupt_vector, RomVectors)
 *(.romvectors)
 .romvectors    0x00002380       0x10 .\CortexM0\ARM_GCC_484\Debug\Cm0Start.o
                0x00002380                RomVectors
                0x00000001                ASSERT ((. != __cy_interrupt_vector), No interrupt vector)
                0x00000001                ASSERT (CY_APPL_ORIGIN?(SIZEOF (.cybootloader) <= CY_APPL_ORIGIN):0x1, Wrong image location)
                0x00002390                PROVIDE (__cy_reset, Reset)
 *(.text.Reset)
 .text.Reset    0x00002390       0x14 .\CortexM0\ARM_GCC_484\Debug\Cm0Start.o
                0x00002390                Reset
                0x00000001                ASSERT ((. != __cy_reset), No reset code)
 *(.psocinit)
 .psocinit      0x000023a4      0x26c .\CortexM0\ARM_GCC_484\Debug\SerialTest.a(cyfitter_cfg.o)
                0x000024e0                cyfitter_cfg
                0x00002610                . = MAX (., 0x100)
 *(.text .text.* .gnu.linkonce.t.*)
 .text          0x00002610       0x60 c:/program files (x86)/cypress/psoc creator/3.1/psoc creator/import/gnu_cs/arm/4.8.4/bin/../lib/gcc/arm-none-eabi/4.8.4/armv6-m/crtbegin.o
 .text.counterInterrupt
                0x00002670       0x20 .\CortexM0\ARM_GCC_484\Debug\main.o
                0x00002670                counterInterrupt
 .text.main     0x00002690       0x88 .\CortexM0\ARM_GCC_484\Debug\main.o
                0x00002690                main
 .text.IntDefaultHandler
                0x00002718        0x8 .\CortexM0\ARM_GCC_484\Debug\Cm0Start.o
                0x00002718                IntDefaultHandler
 .text.Start_c  0x00002720       0x98 .\CortexM0\ARM_GCC_484\Debug\Cm0Start.o
                0x00002720                Start_c
 .text.initialize_psoc
                0x000027b8       0x74 .\CortexM0\ARM_GCC_484\Debug\Cm0Start.o
                0x000027b8                initialize_psoc
 .text.CYMEMZERO
                0x0000282c       0x20 .\CortexM0\ARM_GCC_484\Debug\SerialTest.a(cyfitter_cfg.o)
 .text.cfg_write_bytes32
                0x0000284c       0x80 .\CortexM0\ARM_GCC_484\Debug\SerialTest.a(cyfitter_cfg.o)
 .text.AnalogSetDefault
                0x000028cc        0x8 .\CortexM0\ARM_GCC_484\Debug\SerialTest.a(cyfitter_cfg.o)
 .text.UART_Init
                0x000028d4        0xc .\CortexM0\ARM_GCC_484\Debug\SerialTest.a(UART.o)
                0x000028d4                UART_Init
 .text.UART_Enable
                0x000028e0       0x20 .\CortexM0\ARM_GCC_484\Debug\SerialTest.a(UART.o)
                0x000028e0                UART_Enable
 .text.UART_Start
                0x00002900       0x24 .\CortexM0\ARM_GCC_484\Debug\SerialTest.a(UART.o)
                0x00002900                UART_Start
 .text.UART_ScbEnableIntr
                0x00002924        0x8 .\CortexM0\ARM_GCC_484\Debug\SerialTest.a(UART.o)
 .text.UART_SpiUartReadRxData
                0x0000292c       0x20 .\CortexM0\ARM_GCC_484\Debug\SerialTest.a(UART_SPI_UART.o)
                0x0000292c                UART_SpiUartReadRxData
 .text.UART_SpiUartGetRxBufferSize
                0x0000294c       0x20 .\CortexM0\ARM_GCC_484\Debug\SerialTest.a(UART_SPI_UART.o)
                0x0000294c                UART_SpiUartGetRxBufferSize
 .text.UART_SpiUartWriteTxData
                0x0000296c       0x2c .\CortexM0\ARM_GCC_484\Debug\SerialTest.a(UART_SPI_UART.o)
                0x0000296c                UART_SpiUartWriteTxData
 .text.UART_UartInit
                0x00002998       0xa8 .\CortexM0\ARM_GCC_484\Debug\SerialTest.a(UART_UART.o)
                0x00002998                UART_UartInit
 .text.UART_UartGetChar
                0x00002a40       0x44 .\CortexM0\ARM_GCC_484\Debug\SerialTest.a(UART_UART.o)
                0x00002a40                UART_UartGetChar
 .text.UART_UartPutString
                0x00002a84       0x34 .\CortexM0\ARM_GCC_484\Debug\SerialTest.a(UART_UART.o)
                0x00002a84                UART_UartPutString
 .text          0x00002ab8       0x28 .\CortexM0\ARM_GCC_484\Debug\SerialTest.a(CyBootAsmGnu.o)
                0x00002ab8                CyDelayCycles
                0x00002acc                CyEnterCriticalSection
                0x00002ad4                CyExitCriticalSection
 .text.CyDelay  0x00002ae0       0x48 .\CortexM0\ARM_GCC_484\Debug\SerialTest.a(CyLib.o)
                0x00002ae0                CyDelay
 .text.CyDelayUs
                0x00002b28       0x28 .\CortexM0\ARM_GCC_484\Debug\SerialTest.a(CyLib.o)
                0x00002b28                CyDelayUs
 .text.Counter_1_Init
                0x00002b50       0x8c .\CortexM0\ARM_GCC_484\Debug\SerialTest.a(Counter_1.o)
                0x00002b50                Counter_1_Init
 .text.Counter_1_Enable
                0x00002bdc       0x20 .\CortexM0\ARM_GCC_484\Debug\SerialTest.a(Counter_1.o)
                0x00002bdc                Counter_1_Enable
 .text.Counter_1_Start
                0x00002bfc       0x24 .\CortexM0\ARM_GCC_484\Debug\SerialTest.a(Counter_1.o)
                0x00002bfc                Counter_1_Start
 .text.Counter_1_SetInterruptMode
                0x00002c20       0x20 .\CortexM0\ARM_GCC_484\Debug\SerialTest.a(Counter_1.o)
                0x00002c20                Counter_1_SetInterruptMode
 .text.Counter_1_ReadStatusRegister
                0x00002c40       0x14 .\CortexM0\ARM_GCC_484\Debug\SerialTest.a(Counter_1.o)
                0x00002c40                Counter_1_ReadStatusRegister
 .text.Counter_1_WriteCounter
                0x00002c54       0x20 .\CortexM0\ARM_GCC_484\Debug\SerialTest.a(Counter_1.o)
                0x00002c54                Counter_1_WriteCounter
 .text.Counter_1_ReadCounter
                0x00002c74       0x1c .\CortexM0\ARM_GCC_484\Debug\SerialTest.a(Counter_1.o)
                0x00002c74                Counter_1_ReadCounter
 .text.Counter_1_ReadCapture
                0x00002c90       0x14 .\CortexM0\ARM_GCC_484\Debug\SerialTest.a(Counter_1.o)
                0x00002c90                Counter_1_ReadCapture
 .text.Counter_1_WritePeriod
                0x00002ca4       0x20 .\CortexM0\ARM_GCC_484\Debug\SerialTest.a(Counter_1.o)
                0x00002ca4                Counter_1_WritePeriod
 .text.Counter_1_WriteCompare
                0x00002cc4       0x20 .\CortexM0\ARM_GCC_484\Debug\SerialTest.a(Counter_1.o)
                0x00002cc4                Counter_1_WriteCompare
 .text.Counter_1_ClearFIFO
                0x00002ce4       0x1c .\CortexM0\ARM_GCC_484\Debug\SerialTest.a(Counter_1.o)
                0x00002ce4                Counter_1_ClearFIFO
 .text.CounterISR_StartEx
                0x00002d00       0x24 .\CortexM0\ARM_GCC_484\Debug\SerialTest.a(CounterISR.o)
                0x00002d00                CounterISR_StartEx
 .text.CounterISR_SetVector
                0x00002d24       0x18 .\CortexM0\ARM_GCC_484\Debug\SerialTest.a(CounterISR.o)
                0x00002d24                CounterISR_SetVector
 .text.CounterISR_SetPriority
                0x00002d3c       0x50 .\CortexM0\ARM_GCC_484\Debug\SerialTest.a(CounterISR.o)
                0x00002d3c                CounterISR_SetPriority
 .text.CounterISR_Enable
                0x00002d8c       0x14 .\CortexM0\ARM_GCC_484\Debug\SerialTest.a(CounterISR.o)
                0x00002d8c                CounterISR_Enable
 .text.CounterISR_Disable
                0x00002da0       0x14 .\CortexM0\ARM_GCC_484\Debug\SerialTest.a(CounterISR.o)
                0x00002da0                CounterISR_Disable
 .text.__libc_init_array
                0x00002db4       0x4c c:/program files (x86)/cypress/psoc creator/3.1/psoc creator/import/gnu_cs/arm/4.8.4/bin/../lib/gcc/arm-none-eabi/4.8.4/../../../../arm-none-eabi/lib/armv6-m\libg_s.a(lib_a-init.o)
                0x00002db4                __libc_init_array
 .text.memset   0x00002e00       0x10 c:/program files (x86)/cypress/psoc creator/3.1/psoc creator/import/gnu_cs/arm/4.8.4/bin/../lib/gcc/arm-none-eabi/4.8.4/../../../../arm-none-eabi/lib/armv6-m\libg_s.a(lib_a-memset.o)
                0x00002e00                memset
 *(.plt)
 *(.gnu.warning)
 *(.glue_7t)
 .glue_7t       0x00000000        0x0 linker stubs
 *(.glue_7)
 .glue_7        0x00000000        0x0 linker stubs
 *(.vfp11_veneer)
 .vfp11_veneer  0x00000000        0x0 linker stubs
 *(.bootloader)
 *(.ARM.extab* .gnu.linkonce.armextab.*)
 *(.gcc_except_table)

.v4_bx          0x00002e10        0x0
 .v4_bx         0x00000000        0x0 linker stubs

.iplt           0x00002e10        0x0
 .iplt          0x00000000        0x0 c:/program files (x86)/cypress/psoc creator/3.1/psoc creator/import/gnu_cs/arm/4.8.4/bin/../lib/gcc/arm-none-eabi/4.8.4/armv6-m/crtbegin.o

.eh_frame_hdr
 *(.eh_frame_hdr)

.eh_frame       0x00002e10        0x4
 *(.eh_frame)
 .eh_frame      0x00002e10        0x0 c:/program files (x86)/cypress/psoc creator/3.1/psoc creator/import/gnu_cs/arm/4.8.4/bin/../lib/gcc/arm-none-eabi/4.8.4/armv6-m/crtbegin.o
 .eh_frame      0x00002e10        0x4 c:/program files (x86)/cypress/psoc creator/3.1/psoc creator/import/gnu_cs/arm/4.8.4/bin/../lib/gcc/arm-none-eabi/4.8.4/armv6-m/crtend.o
                0x00002e14                PROVIDE (__exidx_start, .)

.ARM.exidx
 *(.ARM.exidx* .gnu.linkonce.armexidx.*)
                0x00002e14                __exidx_end = .

.rodata         0x00002e14      0x254
 *(.rodata .rodata.* .gnu.linkonce.r.*)
 .rodata        0x00002e14      0x12c .\CortexM0\ARM_GCC_484\Debug\main.o
 .rodata        0x00002f40       0xf0 .\CortexM0\ARM_GCC_484\Debug\SerialTest.a(cyfitter_cfg.o)
                0x00003030                . = ALIGN (0x4)
 *(.init)
 .init          0x00003030        0x4 c:/program files (x86)/cypress/psoc creator/3.1/psoc creator/import/gnu_cs/arm/4.8.4/bin/../lib/gcc/arm-none-eabi/4.8.4/armv6-m/crti.o
                0x00003030                _init
 .init          0x00003034        0x8 c:/program files (x86)/cypress/psoc creator/3.1/psoc creator/import/gnu_cs/arm/4.8.4/bin/../lib/gcc/arm-none-eabi/4.8.4/armv6-m/crtn.o
                0x0000303c                . = ALIGN (0x4)
                0x0000303c                __preinit_array_start = .
 *(.preinit_array)
                0x0000303c                __preinit_array_end = .
                0x0000303c                . = ALIGN (0x4)
                0x0000303c                __init_array_start = .
 *(SORT(.init_array.*))
 *(.init_array)
 .init_array    0x0000303c        0x4 c:/program files (x86)/cypress/psoc creator/3.1/psoc creator/import/gnu_cs/arm/4.8.4/bin/../lib/gcc/arm-none-eabi/4.8.4/armv6-m/crtbegin.o
 .init_array    0x00003040        0x4 .\CortexM0\ARM_GCC_484\Debug\Cm0Start.o
                0x00003044                __init_array_end = .
                0x00003044                . = ALIGN (0x4)
 *(.fini)
 .fini          0x00003044        0x4 c:/program files (x86)/cypress/psoc creator/3.1/psoc creator/import/gnu_cs/arm/4.8.4/bin/../lib/gcc/arm-none-eabi/4.8.4/armv6-m/crti.o
                0x00003044                _fini
 .fini          0x00003048        0x8 c:/program files (x86)/cypress/psoc creator/3.1/psoc creator/import/gnu_cs/arm/4.8.4/bin/../lib/gcc/arm-none-eabi/4.8.4/armv6-m/crtn.o
                0x00003050                . = ALIGN (0x4)
                0x00003050                __fini_array_start = .
 *(.fini_array)
 .fini_array    0x00003050        0x4 c:/program files (x86)/cypress/psoc creator/3.1/psoc creator/import/gnu_cs/arm/4.8.4/bin/../lib/gcc/arm-none-eabi/4.8.4/armv6-m/crtbegin.o
 *(SORT(.fini_array.*))
                0x00003054                __fini_array_end = .
                0x00003054                . = ALIGN (0x4)
 *crtbegin.o(.ctors)
 *(EXCLUDE_FILE(*crtend.o) .ctors)
 *(SORT(.ctors.*))
 *crtend.o(.ctors)
                0x00003054                . = ALIGN (0x4)
 *crtbegin.o(.dtors)
 *(EXCLUDE_FILE(*crtend.o) .dtors)
 *(SORT(.dtors.*))
 *crtend.o(.dtors)
                0x00003054                . = ALIGN (0x4)
                0x00003054                __cy_regions = .
                0x00003054        0x4 LONG 0x3068 __cy_region_init_ram
                0x00003058        0x4 LONG 0x200000d0 __cy_region_start_data
                0x0000305c        0x4 LONG 0x18 __cy_region_init_size_ram
                0x00003060        0x4 LONG 0x28 __cy_region_zero_size_ram
                0x00003064                __cy_regions_end = .
                0x00003068                . = ALIGN (0x8)
 *fill*         0x00003064        0x4 
                0x00003068                _etext = .

.ramvectors     0x20000000       0xc0
                0x20000000                __cy_region_start_ram = .
 *(.ramvectors)
 .ramvectors    0x20000000       0xc0 .\CortexM0\ARM_GCC_484\Debug\Cm0Start.o
                0x20000000                CyRamVectors

.btldr_run      0x200000c0        0x4
 *(.bootloaderruntype)
 .bootloaderruntype
                0x200000c0        0x4 .\CortexM0\ARM_GCC_484\Debug\Cm0Start.o
                0x200000c0                cyBtldrRunType

.noinit         0x200000c8        0x4
 *(.noinit)
 .noinit        0x200000c8        0x4 .\CortexM0\ARM_GCC_484\Debug\Cm0Start.o

.data           0x200000d0       0x18 load address 0x00003068
                0x200000d0                __cy_region_start_data = .
 *(.jcr)
 .jcr           0x200000d0        0x0 c:/program files (x86)/cypress/psoc creator/3.1/psoc creator/import/gnu_cs/arm/4.8.4/bin/../lib/gcc/arm-none-eabi/4.8.4/armv6-m/crtbegin.o
 .jcr           0x200000d0        0x4 c:/program files (x86)/cypress/psoc creator/3.1/psoc creator/import/gnu_cs/arm/4.8.4/bin/../lib/gcc/arm-none-eabi/4.8.4/armv6-m/crtend.o
 *(.got.plt)
 *(.got)
 *(.shdata)
 *(.data .data.* .gnu.linkonce.d.*)
 .data          0x200000d4        0x4 .\CortexM0\ARM_GCC_484\Debug\SerialTest.a(cyfitter_cfg.o)
 .data          0x200000d8       0x10 .\CortexM0\ARM_GCC_484\Debug\SerialTest.a(CyLib.o)
                0x200000d8                cydelayFreqHz
                0x200000dc                cydelayFreqKhz
                0x200000e0                cydelayFreqMhz
                0x200000e4                cydelay32kMs
                0x200000e8                . = ALIGN (0x8)
 *(.ram)
                0x200000e8                _edata = .

.igot.plt       0x200000e8        0x0 load address 0x00003080
 .igot.plt      0x00000000        0x0 c:/program files (x86)/cypress/psoc creator/3.1/psoc creator/import/gnu_cs/arm/4.8.4/bin/../lib/gcc/arm-none-eabi/4.8.4/armv6-m/crtbegin.o

.bss            0x200000e8       0x28 load address 0x00003080
                0x200000e8                PROVIDE (__bss_start__, .)
 *(.shbss)
 *(.bss .bss.* .gnu.linkonce.b.*)
 .bss           0x200000e8       0x1c c:/program files (x86)/cypress/psoc creator/3.1/psoc creator/import/gnu_cs/arm/4.8.4/bin/../lib/gcc/arm-none-eabi/4.8.4/armv6-m/crtbegin.o
 .bss           0x20000104        0x8 .\CortexM0\ARM_GCC_484\Debug\SerialTest.a(UART.o)
                0x20000104                UART_initVar
                0x20000108                UART_customIntrHandler
 .bss           0x2000010c        0x1 .\CortexM0\ARM_GCC_484\Debug\SerialTest.a(Counter_1.o)
                0x2000010c                Counter_1_initVar
 *(COMMON)
 COMMON         0x2000010d        0x1 .\CortexM0\ARM_GCC_484\Debug\main.o
                0x2000010d                interruptCnt
                0x20000110                . = ALIGN (0x8)
 *fill*         0x2000010e        0x2 
 *(.ram.b)
                0x20000110                _end = .
                0x20000110                __end = .
                0x20000110                PROVIDE (end, .)
                0x20000110                PROVIDE (__bss_end__, .)
                0x00003068                __cy_region_init_ram = LOADADDR (.data)
                0x00000018                __cy_region_init_size_ram = (_edata - ADDR (.data))
                0x00000028                __cy_region_zero_size_ram = (_end - _edata)

.heap           0x20000110       0x80 load address 0x00003080
                0x20000110                . = _end
                0x20000190                . = (. + 0x80)
 *fill*         0x20000110       0x80 
                0x20000190                __cy_heap_limit = .

.stack          0x20000c00      0x400
                0x20000c00                __cy_stack_limit = .
                0x20001000                . = (. + 0x400)
 *fill*         0x20000c00      0x400 
                0x00000001                ASSERT ((__cy_stack_limit >= __cy_heap_limit), region RAM overflowed with stack)

.cyloadermeta   0xf0000000       0x40
 *(.cyloadermeta)
 .cyloadermeta  0xf0000000       0x40 .\CortexM0\ARM_GCC_484\Debug\cybootloader.o
                0xf0000000                cy_meta_loader

.cyloadablemeta
                0x00007fc0       0x40
 *(.cyloadablemeta)
 .cyloadablemeta
                0x00007fc0       0x40 .\CortexM0\ARM_GCC_484\Debug\cymetadata.o
                0x00007fc0                cy_meta_loadable

.cyflashprotect
                0x90400000       0x20
 *(.cyflashprotect)
 .cyflashprotect
                0x90400000       0x20 .\CortexM0\ARM_GCC_484\Debug\cybootloader.o
                0x90400000                cy_meta_flashprotect

.cymeta         0x90500000        0xc
 *(.cymeta)
 .cymeta        0x90500000        0xc .\CortexM0\ARM_GCC_484\Debug\cybootloader.o
                0x90500000                cy_metadata

.cychipprotect  0x90600000        0x4
 *(.cychipprotect)
 .cychipprotect
                0x90600000        0x4 .\CortexM0\ARM_GCC_484\Debug\cybootloader.o
                0x90600000                cy_meta_chipprotect

.rel.dyn        0x00008000        0x0 load address 0x90600004
 .rel.iplt      0x00000000        0x0 c:/program files (x86)/cypress/psoc creator/3.1/psoc creator/import/gnu_cs/arm/4.8.4/bin/../lib/gcc/arm-none-eabi/4.8.4/armv6-m/crtbegin.o

.stab
 *(.stab)

.stabstr
 *(.stabstr)

.debug
 *(.debug)

.line
 *(.line)

.debug_srcinfo
 *(.debug_srcinfo)

.debug_sfnames
 *(.debug_sfnames)

.debug_aranges  0x00000000      0x578
 *(.debug_aranges)
 .debug_aranges
                0x00000000       0x28 .\CortexM0\ARM_GCC_484\Debug\main.o
 .debug_aranges
                0x00000028       0x18 .\CortexM0\ARM_GCC_484\Debug\cybootloader.o
 .debug_aranges
                0x00000040       0x18 .\CortexM0\ARM_GCC_484\Debug\cymetadata.o
 .debug_aranges
                0x00000058       0x48 .\CortexM0\ARM_GCC_484\Debug\Cm0Start.o
 .debug_aranges
                0x000000a0       0x58 .\CortexM0\ARM_GCC_484\Debug\SerialTest.a(cyfitter_cfg.o)
 .debug_aranges
                0x000000f8       0x68 .\CortexM0\ARM_GCC_484\Debug\SerialTest.a(UART.o)
 .debug_aranges
                0x00000160       0x60 .\CortexM0\ARM_GCC_484\Debug\SerialTest.a(UART_SPI_UART.o)
 .debug_aranges
                0x000001c0       0x50 .\CortexM0\ARM_GCC_484\Debug\SerialTest.a(UART_UART.o)
 .debug_aranges
                0x00000210       0x20 .\CortexM0\ARM_GCC_484\Debug\SerialTest.a(CyBootAsmGnu.o)
 .debug_aranges
                0x00000230      0x230 .\CortexM0\ARM_GCC_484\Debug\SerialTest.a(CyLib.o)
 .debug_aranges
                0x00000460       0x98 .\CortexM0\ARM_GCC_484\Debug\SerialTest.a(Counter_1.o)
 .debug_aranges
                0x000004f8       0x80 .\CortexM0\ARM_GCC_484\Debug\SerialTest.a(CounterISR.o)

.debug_pubnames
 *(.debug_pubnames)

.debug_info     0x00000000     0x21d4
 *(.debug_info .gnu.linkonce.wi.*)
 .debug_info    0x00000000       0xf8 .\CortexM0\ARM_GCC_484\Debug\main.o
 .debug_info    0x000000f8      0x14d .\CortexM0\ARM_GCC_484\Debug\cybootloader.o
 .debug_info    0x00000245       0xb1 .\CortexM0\ARM_GCC_484\Debug\cymetadata.o
 .debug_info    0x000002f6      0x310 .\CortexM0\ARM_GCC_484\Debug\Cm0Start.o
 .debug_info    0x00000606      0x442 .\CortexM0\ARM_GCC_484\Debug\SerialTest.a(cyfitter_cfg.o)
 .debug_info    0x00000a48      0x1eb .\CortexM0\ARM_GCC_484\Debug\SerialTest.a(UART.o)
 .debug_info    0x00000c33      0x20d .\CortexM0\ARM_GCC_484\Debug\SerialTest.a(UART_SPI_UART.o)
 .debug_info    0x00000e40      0x1fe .\CortexM0\ARM_GCC_484\Debug\SerialTest.a(UART_UART.o)
 .debug_info    0x0000103e       0x8e .\CortexM0\ARM_GCC_484\Debug\SerialTest.a(CyBootAsmGnu.o)
 .debug_info    0x000010cc      0xc5b .\CortexM0\ARM_GCC_484\Debug\SerialTest.a(CyLib.o)
 .debug_info    0x00001d27      0x26c .\CortexM0\ARM_GCC_484\Debug\SerialTest.a(Counter_1.o)
 .debug_info    0x00001f93      0x241 .\CortexM0\ARM_GCC_484\Debug\SerialTest.a(CounterISR.o)

.debug_abbrev   0x00000000      0xcf3
 *(.debug_abbrev)
 .debug_abbrev  0x00000000       0x9d .\CortexM0\ARM_GCC_484\Debug\main.o
 .debug_abbrev  0x0000009d       0x77 .\CortexM0\ARM_GCC_484\Debug\cybootloader.o
 .debug_abbrev  0x00000114       0x5d .\CortexM0\ARM_GCC_484\Debug\cymetadata.o
 .debug_abbrev  0x00000171      0x1c5 .\CortexM0\ARM_GCC_484\Debug\Cm0Start.o
 .debug_abbrev  0x00000336      0x18a .\CortexM0\ARM_GCC_484\Debug\SerialTest.a(cyfitter_cfg.o)
 .debug_abbrev  0x000004c0      0x122 .\CortexM0\ARM_GCC_484\Debug\SerialTest.a(UART.o)
 .debug_abbrev  0x000005e2      0x15c .\CortexM0\ARM_GCC_484\Debug\SerialTest.a(UART_SPI_UART.o)
 .debug_abbrev  0x0000073e       0xf9 .\CortexM0\ARM_GCC_484\Debug\SerialTest.a(UART_UART.o)
 .debug_abbrev  0x00000837       0x14 .\CortexM0\ARM_GCC_484\Debug\SerialTest.a(CyBootAsmGnu.o)
 .debug_abbrev  0x0000084b      0x207 .\CortexM0\ARM_GCC_484\Debug\SerialTest.a(CyLib.o)
 .debug_abbrev  0x00000a52      0x139 .\CortexM0\ARM_GCC_484\Debug\SerialTest.a(Counter_1.o)
 .debug_abbrev  0x00000b8b      0x168 .\CortexM0\ARM_GCC_484\Debug\SerialTest.a(CounterISR.o)

.debug_line     0x00000000     0x1215
 *(.debug_line)
 .debug_line    0x00000000       0x7f .\CortexM0\ARM_GCC_484\Debug\main.o
 .debug_line    0x0000007f       0x55 .\CortexM0\ARM_GCC_484\Debug\cybootloader.o
 .debug_line    0x000000d4       0x53 .\CortexM0\ARM_GCC_484\Debug\cymetadata.o
 .debug_line    0x00000127      0x1bc .\CortexM0\ARM_GCC_484\Debug\Cm0Start.o
 .debug_line    0x000002e3      0x1ab .\CortexM0\ARM_GCC_484\Debug\SerialTest.a(cyfitter_cfg.o)
 .debug_line    0x0000048e      0x11f .\CortexM0\ARM_GCC_484\Debug\SerialTest.a(UART.o)
 .debug_line    0x000005ad      0x125 .\CortexM0\ARM_GCC_484\Debug\SerialTest.a(UART_SPI_UART.o)
 .debug_line    0x000006d2      0x101 .\CortexM0\ARM_GCC_484\Debug\SerialTest.a(UART_UART.o)
 .debug_line    0x000007d3       0x69 .\CortexM0\ARM_GCC_484\Debug\SerialTest.a(CyBootAsmGnu.o)
 .debug_line    0x0000083c      0x703 .\CortexM0\ARM_GCC_484\Debug\SerialTest.a(CyLib.o)
 .debug_line    0x00000f3f      0x18d .\CortexM0\ARM_GCC_484\Debug\SerialTest.a(Counter_1.o)
 .debug_line    0x000010cc      0x149 .\CortexM0\ARM_GCC_484\Debug\SerialTest.a(CounterISR.o)

.debug_frame    0x00000000     0x1218
 *(.debug_frame)
 .debug_frame   0x00000000       0x4c .\CortexM0\ARM_GCC_484\Debug\main.o
 .debug_frame   0x0000004c       0xc8 .\CortexM0\ARM_GCC_484\Debug\Cm0Start.o
 .debug_frame   0x00000114      0x108 .\CortexM0\ARM_GCC_484\Debug\SerialTest.a(cyfitter_cfg.o)
 .debug_frame   0x0000021c      0x134 .\CortexM0\ARM_GCC_484\Debug\SerialTest.a(UART.o)
 .debug_frame   0x00000350      0x128 .\CortexM0\ARM_GCC_484\Debug\SerialTest.a(UART_SPI_UART.o)
 .debug_frame   0x00000478       0xec .\CortexM0\ARM_GCC_484\Debug\SerialTest.a(UART_UART.o)
 .debug_frame   0x00000564      0x83c .\CortexM0\ARM_GCC_484\Debug\SerialTest.a(CyLib.o)
 .debug_frame   0x00000da0      0x1ec .\CortexM0\ARM_GCC_484\Debug\SerialTest.a(Counter_1.o)
 .debug_frame   0x00000f8c      0x190 .\CortexM0\ARM_GCC_484\Debug\SerialTest.a(CounterISR.o)
 .debug_frame   0x0000111c       0x20 c:/program files (x86)/cypress/psoc creator/3.1/psoc creator/import/gnu_cs/arm/4.8.4/bin/../lib/gcc/arm-none-eabi/4.8.4/armv6-m\libgcc.a(_udivsi3.o)
 .debug_frame   0x0000113c       0x20 c:/program files (x86)/cypress/psoc creator/3.1/psoc creator/import/gnu_cs/arm/4.8.4/bin/../lib/gcc/arm-none-eabi/4.8.4/armv6-m\libgcc.a(_divsi3.o)
 .debug_frame   0x0000115c       0x20 c:/program files (x86)/cypress/psoc creator/3.1/psoc creator/import/gnu_cs/arm/4.8.4/bin/../lib/gcc/arm-none-eabi/4.8.4/../../../../arm-none-eabi/lib/armv6-m\libg_s.a(lib_a-errno.o)
 .debug_frame   0x0000117c       0x28 c:/program files (x86)/cypress/psoc creator/3.1/psoc creator/import/gnu_cs/arm/4.8.4/bin/../lib/gcc/arm-none-eabi/4.8.4/../../../../arm-none-eabi/lib/armv6-m\libg_s.a(lib_a-exit.o)
 .debug_frame   0x000011a4       0x2c c:/program files (x86)/cypress/psoc creator/3.1/psoc creator/import/gnu_cs/arm/4.8.4/bin/../lib/gcc/arm-none-eabi/4.8.4/../../../../arm-none-eabi/lib/armv6-m\libg_s.a(lib_a-init.o)
 .debug_frame   0x000011d0       0x28 c:/program files (x86)/cypress/psoc creator/3.1/psoc creator/import/gnu_cs/arm/4.8.4/bin/../lib/gcc/arm-none-eabi/4.8.4/../../../../arm-none-eabi/lib/armv6-m\libg_s.a(lib_a-memcpy-stub.o)
 .debug_frame   0x000011f8       0x20 c:/program files (x86)/cypress/psoc creator/3.1/psoc creator/import/gnu_cs/arm/4.8.4/bin/../lib/gcc/arm-none-eabi/4.8.4/../../../../arm-none-eabi/lib/armv6-m\libg_s.a(lib_a-memset.o)

.debug_str      0x00000000     0x125b
 *(.debug_str)
 .debug_str     0x00000000      0x15e .\CortexM0\ARM_GCC_484\Debug\main.o
                                0x197 (size before relaxing)
 .debug_str     0x0000015e       0x7a .\CortexM0\ARM_GCC_484\Debug\cybootloader.o
                                0x1d9 (size before relaxing)
 .debug_str     0x000001d8       0x37 .\CortexM0\ARM_GCC_484\Debug\cymetadata.o
                                0x196 (size before relaxing)
 .debug_str     0x0000020f      0x144 .\CortexM0\ARM_GCC_484\Debug\Cm0Start.o
                                0x2b7 (size before relaxing)
 .debug_str     0x00000353      0x19b .\CortexM0\ARM_GCC_484\Debug\SerialTest.a(cyfitter_cfg.o)
                                0x342 (size before relaxing)
 .debug_str     0x000004ee      0x117 .\CortexM0\ARM_GCC_484\Debug\SerialTest.a(UART.o)
                                0x290 (size before relaxing)
 .debug_str     0x00000605      0x137 .\CortexM0\ARM_GCC_484\Debug\SerialTest.a(UART_SPI_UART.o)
                                0x2ae (size before relaxing)
 .debug_str     0x0000073c       0xe9 .\CortexM0\ARM_GCC_484\Debug\SerialTest.a(UART_UART.o)
                                0x26c (size before relaxing)
 .debug_str     0x00000825      0x713 .\CortexM0\ARM_GCC_484\Debug\SerialTest.a(CyLib.o)
                                0x8c1 (size before relaxing)
 .debug_str     0x00000f38      0x1e6 .\CortexM0\ARM_GCC_484\Debug\SerialTest.a(Counter_1.o)
                                0x34a (size before relaxing)
 .debug_str     0x0000111e      0x13d .\CortexM0\ARM_GCC_484\Debug\SerialTest.a(CounterISR.o)
                                0x2e3 (size before relaxing)

.debug_loc
 *(.debug_loc)

.debug_macinfo
 *(.debug_macinfo)

.debug_ranges   0x00000000      0x498
 *(.debug_ranges)
 .debug_ranges  0x00000000       0x18 .\CortexM0\ARM_GCC_484\Debug\main.o
 .debug_ranges  0x00000018       0x38 .\CortexM0\ARM_GCC_484\Debug\Cm0Start.o
 .debug_ranges  0x00000050       0x48 .\CortexM0\ARM_GCC_484\Debug\SerialTest.a(cyfitter_cfg.o)
 .debug_ranges  0x00000098       0x58 .\CortexM0\ARM_GCC_484\Debug\SerialTest.a(UART.o)
 .debug_ranges  0x000000f0       0x50 .\CortexM0\ARM_GCC_484\Debug\SerialTest.a(UART_SPI_UART.o)
 .debug_ranges  0x00000140       0x40 .\CortexM0\ARM_GCC_484\Debug\SerialTest.a(UART_UART.o)
 .debug_ranges  0x00000180      0x220 .\CortexM0\ARM_GCC_484\Debug\SerialTest.a(CyLib.o)
 .debug_ranges  0x000003a0       0x88 .\CortexM0\ARM_GCC_484\Debug\SerialTest.a(Counter_1.o)
 .debug_ranges  0x00000428       0x70 .\CortexM0\ARM_GCC_484\Debug\SerialTest.a(CounterISR.o)

.comment        0x00000000       0x70
 .comment       0x00000000       0x70 .\CortexM0\ARM_GCC_484\Debug\main.o
                                 0x71 (size before relaxing)
 .comment       0x00000000       0x71 .\CortexM0\ARM_GCC_484\Debug\cybootloader.o
 .comment       0x00000000       0x71 .\CortexM0\ARM_GCC_484\Debug\cymetadata.o
 .comment       0x00000000       0x71 .\CortexM0\ARM_GCC_484\Debug\Cm0Start.o
 .comment       0x00000000       0x71 .\CortexM0\ARM_GCC_484\Debug\SerialTest.a(cyfitter_cfg.o)
 .comment       0x00000000       0x71 .\CortexM0\ARM_GCC_484\Debug\SerialTest.a(UART.o)
 .comment       0x00000000       0x71 .\CortexM0\ARM_GCC_484\Debug\SerialTest.a(UART_SPI_UART.o)
 .comment       0x00000000       0x71 .\CortexM0\ARM_GCC_484\Debug\SerialTest.a(UART_UART.o)
 .comment       0x00000000       0x71 .\CortexM0\ARM_GCC_484\Debug\SerialTest.a(CyLib.o)
 .comment       0x00000000       0x71 .\CortexM0\ARM_GCC_484\Debug\SerialTest.a(Counter_1.o)
 .comment       0x00000000       0x71 .\CortexM0\ARM_GCC_484\Debug\SerialTest.a(CounterISR.o)

.debug_weaknames
 *(.debug_weaknames)

.debug_funcnames
 *(.debug_funcnames)

.debug_typenames
 *(.debug_typenames)

.debug_varnames
 *(.debug_varnames)

.note.gnu.arm.ident
 *(.note.gnu.arm.ident)

.ARM.attributes
                0x00000000       0x28
 *(.ARM.attributes)
 .ARM.attributes
                0x00000000       0x1e c:/program files (x86)/cypress/psoc creator/3.1/psoc creator/import/gnu_cs/arm/4.8.4/bin/../lib/gcc/arm-none-eabi/4.8.4/armv6-m/crti.o
 .ARM.attributes
                0x0000001e       0x2c c:/program files (x86)/cypress/psoc creator/3.1/psoc creator/import/gnu_cs/arm/4.8.4/bin/../lib/gcc/arm-none-eabi/4.8.4/armv6-m/crtbegin.o
 .ARM.attributes
                0x0000004a       0x1b c:/program files (x86)/cypress/psoc creator/3.1/psoc creator/import/gnu_cs/arm/4.8.4/bin/../lib/gcc/arm-none-eabi/4.8.4/../../../../arm-none-eabi/lib/armv6-m/crt0.o
 .ARM.attributes
                0x00000065       0x31 .\CortexM0\ARM_GCC_484\Debug\main.o
 .ARM.attributes
                0x00000096       0x31 .\CortexM0\ARM_GCC_484\Debug\cybootloader.o
 .ARM.attributes
                0x000000c7       0x31 .\CortexM0\ARM_GCC_484\Debug\cymetadata.o
 .ARM.attributes
                0x000000f8       0x31 .\CortexM0\ARM_GCC_484\Debug\Cm0Start.o
 .ARM.attributes
                0x00000129       0x31 .\CortexM0\ARM_GCC_484\Debug\SerialTest.a(cyfitter_cfg.o)
 .ARM.attributes
                0x0000015a       0x31 .\CortexM0\ARM_GCC_484\Debug\SerialTest.a(UART.o)
 .ARM.attributes
                0x0000018b       0x31 .\CortexM0\ARM_GCC_484\Debug\SerialTest.a(UART_SPI_UART.o)
 .ARM.attributes
                0x000001bc       0x31 .\CortexM0\ARM_GCC_484\Debug\SerialTest.a(UART_UART.o)
 .ARM.attributes
                0x000001ed       0x21 .\CortexM0\ARM_GCC_484\Debug\SerialTest.a(CyBootAsmGnu.o)
 .ARM.attributes
                0x0000020e       0x31 .\CortexM0\ARM_GCC_484\Debug\SerialTest.a(CyLib.o)
 .ARM.attributes
                0x0000023f       0x31 .\CortexM0\ARM_GCC_484\Debug\SerialTest.a(Counter_1.o)
 .ARM.attributes
                0x00000270       0x31 .\CortexM0\ARM_GCC_484\Debug\SerialTest.a(CounterISR.o)
 .ARM.attributes
                0x000002a1       0x1e c:/program files (x86)/cypress/psoc creator/3.1/psoc creator/import/gnu_cs/arm/4.8.4/bin/../lib/gcc/arm-none-eabi/4.8.4/armv6-m\libgcc.a(_udivsi3.o)
 .ARM.attributes
                0x000002bf       0x1e c:/program files (x86)/cypress/psoc creator/3.1/psoc creator/import/gnu_cs/arm/4.8.4/bin/../lib/gcc/arm-none-eabi/4.8.4/armv6-m\libgcc.a(_divsi3.o)
 .ARM.attributes
                0x000002dd       0x1e c:/program files (x86)/cypress/psoc creator/3.1/psoc creator/import/gnu_cs/arm/4.8.4/bin/../lib/gcc/arm-none-eabi/4.8.4/armv6-m\libgcc.a(_dvmd_tls.o)
 .ARM.attributes
                0x000002fb       0x2c c:/program files (x86)/cypress/psoc creator/3.1/psoc creator/import/gnu_cs/arm/4.8.4/bin/../lib/gcc/arm-none-eabi/4.8.4/../../../../arm-none-eabi/lib/armv6-m\libg_s.a(lib_a-errno.o)
 .ARM.attributes
                0x00000327       0x2c c:/program files (x86)/cypress/psoc creator/3.1/psoc creator/import/gnu_cs/arm/4.8.4/bin/../lib/gcc/arm-none-eabi/4.8.4/../../../../arm-none-eabi/lib/armv6-m\libg_s.a(lib_a-exit.o)
 .ARM.attributes
                0x00000353       0x2c c:/program files (x86)/cypress/psoc creator/3.1/psoc creator/import/gnu_cs/arm/4.8.4/bin/../lib/gcc/arm-none-eabi/4.8.4/../../../../arm-none-eabi/lib/armv6-m\libg_s.a(lib_a-impure.o)
 .ARM.attributes
                0x0000037f       0x2c c:/program files (x86)/cypress/psoc creator/3.1/psoc creator/import/gnu_cs/arm/4.8.4/bin/../lib/gcc/arm-none-eabi/4.8.4/../../../../arm-none-eabi/lib/armv6-m\libg_s.a(lib_a-init.o)
 .ARM.attributes
                0x000003ab       0x2c c:/program files (x86)/cypress/psoc creator/3.1/psoc creator/import/gnu_cs/arm/4.8.4/bin/../lib/gcc/arm-none-eabi/4.8.4/../../../../arm-none-eabi/lib/armv6-m\libg_s.a(lib_a-memcpy-stub.o)
 .ARM.attributes
                0x000003d7       0x2c c:/program files (x86)/cypress/psoc creator/3.1/psoc creator/import/gnu_cs/arm/4.8.4/bin/../lib/gcc/arm-none-eabi/4.8.4/../../../../arm-none-eabi/lib/armv6-m\libg_s.a(lib_a-memset.o)
 .ARM.attributes
                0x00000403       0x2c c:/program files (x86)/cypress/psoc creator/3.1/psoc creator/import/gnu_cs/arm/4.8.4/bin/../lib/gcc/arm-none-eabi/4.8.4/armv6-m/crtend.o
 .ARM.attributes
                0x0000042f       0x1e c:/program files (x86)/cypress/psoc creator/3.1/psoc creator/import/gnu_cs/arm/4.8.4/bin/../lib/gcc/arm-none-eabi/4.8.4/armv6-m/crtn.o

/DISCARD/
 *(.note.GNU-stack)
OUTPUT(.\CortexM0\ARM_GCC_484\Debug\SerialTest.elf elf32-littlearm)
